Archive member included to satisfy reference by file (symbol)

C:/ST/STM32CubeCLT_1.16.0/GNU-tools-for-STM32/bin/../lib/gcc/arm-none-eabi/12.3.1/../../../../arm-none-eabi/lib/thumb/v7e-m+fp/hard\libstdc++_nano.a(atexit_arm.o)
                              CMakeFiles/UART_echo.dir/Core/Src/main.cpp.obj (__aeabi_atexit)
C:/ST/STM32CubeCLT_1.16.0/GNU-tools-for-STM32/bin/../lib/gcc/arm-none-eabi/12.3.1/../../../../arm-none-eabi/lib/thumb/v7e-m+fp/hard\libstdc++_nano.a(del_ops.o)
                              CMakeFiles/UART_echo.dir/Core/Src/main.cpp.obj (operator delete(void*, unsigned int))
C:/ST/STM32CubeCLT_1.16.0/GNU-tools-for-STM32/bin/../lib/gcc/arm-none-eabi/12.3.1/../../../../arm-none-eabi/lib/thumb/v7e-m+fp/hard\libstdc++_nano.a(new_op.o)
                              CMakeFiles/UART_echo.dir/Core/Src/main.cpp.obj (operator new(unsigned int))
C:/ST/STM32CubeCLT_1.16.0/GNU-tools-for-STM32/bin/../lib/gcc/arm-none-eabi/12.3.1/../../../../arm-none-eabi/lib/thumb/v7e-m+fp/hard\libstdc++_nano.a(allocator-inst.o)
                              CMakeFiles/UART_echo.dir/Core/Src/main.cpp.obj (std::allocator<char>::allocator())
C:/ST/STM32CubeCLT_1.16.0/GNU-tools-for-STM32/bin/../lib/gcc/arm-none-eabi/12.3.1/../../../../arm-none-eabi/lib/thumb/v7e-m+fp/hard\libstdc++_nano.a(functexcept.o)
                              CMakeFiles/UART_echo.dir/Core/Src/main.cpp.obj (std::__throw_bad_alloc())
C:/ST/STM32CubeCLT_1.16.0/GNU-tools-for-STM32/bin/../lib/gcc/arm-none-eabi/12.3.1/../../../../arm-none-eabi/lib/thumb/v7e-m+fp/hard\libstdc++_nano.a(del_op.o)
                              C:/ST/STM32CubeCLT_1.16.0/GNU-tools-for-STM32/bin/../lib/gcc/arm-none-eabi/12.3.1/../../../../arm-none-eabi/lib/thumb/v7e-m+fp/hard\libstdc++_nano.a(del_ops.o) (operator delete(void*))
C:/ST/STM32CubeCLT_1.16.0/GNU-tools-for-STM32/bin/../lib/gcc/arm-none-eabi/12.3.1/../../../../arm-none-eabi/lib/thumb/v7e-m+fp/hard\libstdc++_nano.a(new_handler.o)
                              C:/ST/STM32CubeCLT_1.16.0/GNU-tools-for-STM32/bin/../lib/gcc/arm-none-eabi/12.3.1/../../../../arm-none-eabi/lib/thumb/v7e-m+fp/hard\libstdc++_nano.a(new_op.o) (std::get_new_handler())
C:/ST/STM32CubeCLT_1.16.0/GNU-tools-for-STM32/bin/../lib/gcc/arm-none-eabi/12.3.1/../../../../arm-none-eabi/lib/thumb/v7e-m+fp/hard\libc_nano.a(libc_a-abort.o)
                              C:/ST/STM32CubeCLT_1.16.0/GNU-tools-for-STM32/bin/../lib/gcc/arm-none-eabi/12.3.1/../../../../arm-none-eabi/lib/thumb/v7e-m+fp/hard\libstdc++_nano.a(new_op.o) (abort)
C:/ST/STM32CubeCLT_1.16.0/GNU-tools-for-STM32/bin/../lib/gcc/arm-none-eabi/12.3.1/../../../../arm-none-eabi/lib/thumb/v7e-m+fp/hard\libc_nano.a(libc_a-exit.o)
                              C:/ST/STM32CubeCLT_1.16.0/GNU-tools-for-STM32/bin/../lib/gcc/arm-none-eabi/12.3.1/../../../../arm-none-eabi/lib/thumb/v7e-m+fp/hard/crt0.o (exit)
C:/ST/STM32CubeCLT_1.16.0/GNU-tools-for-STM32/bin/../lib/gcc/arm-none-eabi/12.3.1/../../../../arm-none-eabi/lib/thumb/v7e-m+fp/hard\libc_nano.a(libc_a-malloc.o)
                              C:/ST/STM32CubeCLT_1.16.0/GNU-tools-for-STM32/bin/../lib/gcc/arm-none-eabi/12.3.1/../../../../arm-none-eabi/lib/thumb/v7e-m+fp/hard\libstdc++_nano.a(new_op.o) (malloc)
C:/ST/STM32CubeCLT_1.16.0/GNU-tools-for-STM32/bin/../lib/gcc/arm-none-eabi/12.3.1/../../../../arm-none-eabi/lib/thumb/v7e-m+fp/hard\libc_nano.a(libc_a-mallocr.o)
                              C:/ST/STM32CubeCLT_1.16.0/GNU-tools-for-STM32/bin/../lib/gcc/arm-none-eabi/12.3.1/../../../../arm-none-eabi/lib/thumb/v7e-m+fp/hard\libc_nano.a(libc_a-malloc.o) (_malloc_r)
C:/ST/STM32CubeCLT_1.16.0/GNU-tools-for-STM32/bin/../lib/gcc/arm-none-eabi/12.3.1/../../../../arm-none-eabi/lib/thumb/v7e-m+fp/hard\libc_nano.a(libc_a-mlock.o)
                              C:/ST/STM32CubeCLT_1.16.0/GNU-tools-for-STM32/bin/../lib/gcc/arm-none-eabi/12.3.1/../../../../arm-none-eabi/lib/thumb/v7e-m+fp/hard\libc_nano.a(libc_a-mallocr.o) (__malloc_lock)
C:/ST/STM32CubeCLT_1.16.0/GNU-tools-for-STM32/bin/../lib/gcc/arm-none-eabi/12.3.1/../../../../arm-none-eabi/lib/thumb/v7e-m+fp/hard\libc_nano.a(libc_a-cxa_atexit.o)
                              C:/ST/STM32CubeCLT_1.16.0/GNU-tools-for-STM32/bin/../lib/gcc/arm-none-eabi/12.3.1/../../../../arm-none-eabi/lib/thumb/v7e-m+fp/hard\libstdc++_nano.a(atexit_arm.o) (__cxa_atexit)
C:/ST/STM32CubeCLT_1.16.0/GNU-tools-for-STM32/bin/../lib/gcc/arm-none-eabi/12.3.1/../../../../arm-none-eabi/lib/thumb/v7e-m+fp/hard\libc_nano.a(libc_a-findfp.o)
                              C:/ST/STM32CubeCLT_1.16.0/GNU-tools-for-STM32/bin/../lib/gcc/arm-none-eabi/12.3.1/../../../../arm-none-eabi/lib/thumb/v7e-m+fp/hard\libc_nano.a(libc_a-exit.o) (__stdio_exit_handler)
C:/ST/STM32CubeCLT_1.16.0/GNU-tools-for-STM32/bin/../lib/gcc/arm-none-eabi/12.3.1/../../../../arm-none-eabi/lib/thumb/v7e-m+fp/hard\libc_nano.a(libc_a-fwalk.o)
[...]
Memory Configuration

Name             Origin             Length             Attributes
RAM              0x20000000         0x00030000         xrw
CCMRAM           0x10000000         0x00010000         xrw
FLASH            0x08000000         0x00200000         xr
*default*        0x00000000         0xffffffff

Linker script and memory map

LOAD C:/ST/STM32CubeCLT_1.16.0/GNU-tools-for-STM32/bin/../lib/gcc/arm-none-eabi/12.3.1/thumb/v7e-m+fp/hard/crti.o
LOAD C:/ST/STM32CubeCLT_1.16.0/GNU-tools-for-STM32/bin/../lib/gcc/arm-none-eabi/12.3.1/thumb/v7e-m+fp/hard/crtbegin.o
LOAD C:/ST/STM32CubeCLT_1.16.0/GNU-tools-for-STM32/bin/../lib/gcc/arm-none-eabi/12.3.1/../../../../arm-none-eabi/lib/thumb/v7e-m+fp/hard/crt0.o
START GROUP
END GROUP
START GROUP
LOAD C:/ST/STM32CubeCLT_1.16.0/GNU-tools-for-STM32/bin/../lib/gcc/arm-none-eabi/12.3.1/../../../../arm-none-eabi/lib/thumb/v7e-m+fp/hard\libstdc++_nano.a
LOAD C:/ST/STM32CubeCLT_1.16.0/GNU-tools-for-STM32/bin/../lib/gcc/arm-none-eabi/12.3.1/../../../../arm-none-eabi/lib/thumb/v7e-m+fp/hard\libsupc++_nano.a
END GROUP
LOAD CMakeFiles/UART_echo.dir/Core/Src/main.cpp.obj
LOAD CMakeFiles/UART_echo.dir/Core/Src/stm32f4xx_it.c.obj
LOAD CMakeFiles/UART_echo.dir/Core/Src/stm32f4xx_hal_msp.c.obj
LOAD CMakeFiles/UART_echo.dir/Drivers/STM32F4xx_HAL_Driver/Src/stm32f4xx_hal_tim.c.obj
LOAD CMakeFiles/UART_echo.dir/Drivers/STM32F4xx_HAL_Driver/Src/stm32f4xx_hal_tim_ex.c.obj
LOAD CMakeFiles/UART_echo.dir/Drivers/STM32F4xx_HAL_Driver/Src/stm32f4xx_hal_uart.c.obj
LOAD CMakeFiles/UART_echo.dir/Drivers/STM32F4xx_HAL_Driver/Src/stm32f4xx_hal_rcc.c.obj
LOAD CMakeFiles/UART_echo.dir/Drivers/STM32F4xx_HAL_Driver/Src/stm32f4xx_hal_rcc_ex.c.obj
LOAD CMakeFiles/UART_echo.dir/Drivers/STM32F4xx_HAL_Driver/Src/stm32f4xx_hal_flash.c.obj
LOAD CMakeFiles/UART_echo.dir/Drivers/STM32F4xx_HAL_Driver/Src/stm32f4xx_hal_flash_ex.c.obj
LOAD CMakeFiles/UART_echo.dir/Drivers/STM32F4xx_HAL_Driver/Src/stm32f4xx_hal_flash_ramfunc.c.obj
LOAD CMakeFiles/UART_echo.dir/Drivers/STM32F4xx_HAL_Driver/Src/stm32f4xx_hal_gpio.c.obj
LOAD CMakeFiles/UART_echo.dir/Drivers/STM32F4xx_HAL_Driver/Src/stm32f4xx_hal_dma_ex.c.obj
LOAD CMakeFiles/UART_echo.dir/Drivers/STM32F4xx_HAL_Driver/Src/stm32f4xx_hal_dma.c.obj
LOAD CMakeFiles/UART_echo.dir/Drivers/STM32F4xx_HAL_Driver/Src/stm32f4xx_hal_pwr.c.obj
LOAD CMakeFiles/UART_echo.dir/Drivers/STM32F4xx_HAL_Driver/Src/stm32f4xx_hal_pwr_ex.c.obj
LOAD CMakeFiles/UART_echo.dir/Drivers/STM32F4xx_HAL_Driver/Src/stm32f4xx_hal_cortex.c.obj
LOAD CMakeFiles/UART_echo.dir/Drivers/STM32F4xx_HAL_Driver/Src/stm32f4xx_hal.c.obj
LOAD CMakeFiles/UART_echo.dir/Drivers/STM32F4xx_HAL_Driver/Src/stm32f4xx_hal_exti.c.obj
LOAD CMakeFiles/UART_echo.dir/Core/Src/system_stm32f4xx.c.obj
LOAD CMakeFiles/UART_echo.dir/Core/Src/sysmem.c.obj
LOAD CMakeFiles/UART_echo.dir/Core/Src/syscalls.c.obj
LOAD CMakeFiles/UART_echo.dir/startup_stm32f429xx.s.obj
LOAD C:/ST/STM32CubeCLT_1.16.0/GNU-tools-for-STM32/bin/../lib/gcc/arm-none-eabi/12.3.1/../../../../arm-none-eabi/lib/thumb/v7e-m+fp/hard\libstdc++_nano.a
LOAD C:/ST/STM32CubeCLT_1.16.0/GNU-tools-for-STM32/bin/../lib/gcc/arm-none-eabi/12.3.1/../../../../arm-none-eabi/lib/thumb/v7e-m+fp/hard\libm.a
LOAD C:/ST/STM32CubeCLT_1.16.0/GNU-tools-for-STM32/bin/../lib/gcc/arm-none-eabi/12.3.1/../../../../arm-none-eabi/lib/thumb/v7e-m+fp/hard\libc_nano.a
START GROUP
LOAD C:/ST/STM32CubeCLT_1.16.0/GNU-tools-for-STM32/bin/../lib/gcc/arm-none-eabi/12.3.1/thumb/v7e-m+fp/hard\libgcc.a
LOAD C:/ST/STM32CubeCLT_1.16.0/GNU-tools-for-STM32/bin/../lib/gcc/arm-none-eabi/12.3.1/../../../../arm-none-eabi/lib/thumb/v7e-m+fp/hard\libg_nano.a
LOAD C:/ST/STM32CubeCLT_1.16.0/GNU-tools-for-STM32/bin/../lib/gcc/arm-none-eabi/12.3.1/../../../../arm-none-eabi/lib/thumb/v7e-m+fp/hard\libc_nano.a
END GROUP
START GROUP
LOAD C:/ST/STM32CubeCLT_1.16.0/GNU-tools-for-STM32/bin/../lib/gcc/arm-none-eabi/12.3.1/thumb/v7e-m+fp/hard\libgcc.a
LOAD C:/ST/STM32CubeCLT_1.16.0/GNU-tools-for-STM32/bin/../lib/gcc/arm-none-eabi/12.3.1/../../../../arm-none-eabi/lib/thumb/v7e-m+fp/hard\libc_nano.a
END GROUP
LOAD C:/ST/STM32CubeCLT_1.16.0/GNU-tools-for-STM32/bin/../lib/gcc/arm-none-eabi/12.3.1/thumb/v7e-m+fp/hard/crtend.o
LOAD C:/ST/STM32CubeCLT_1.16.0/GNU-tools-for-STM32/bin/../lib/gcc/arm-none-eabi/12.3.1/thumb/v7e-m+fp/hard/crtn.o
                0x20030000                        _estack = (ORIGIN (RAM) + LENGTH (RAM))
                0x00000200                        _Min_Heap_Size = 0x200
                0x00000400                        _Min_Stack_Size = 0x400

.isr_vector     0x08000000      0x1ac
                0x08000000                        . = ALIGN (0x4)
 *(.isr_vector)
 .isr_vector    0x08000000      0x1ac CMakeFiles/UART_echo.dir/startup_stm32f429xx.s.obj
                0x08000000                g_pfnVectors
                0x080001ac                        . = ALIGN (0x4)

.text           0x080001ac     0x3ed8
                0x080001ac                        . = ALIGN (0x4)
 *(.text)
 .text          0x080001ac       0x40 C:/ST/STM32CubeCLT_1.16.0/GNU-tools-for-STM32/bin/../lib/gcc/arm-none-eabi/12.3.1/thumb/v7e-m+fp/hard/crtbegin.o
 .text          0x080001ec       0x30 C:/ST/STM32CubeCLT_1.16.0/GNU-tools-for-STM32/bin/../lib/gcc/arm-none-eabi/12.3.1/thumb/v7e-m+fp/hard\libgcc.a(_aeabi_uldivmod.o)
                0x080001ec                __aeabi_uldivmod
 .text          0x0800021c      0x2bc C:/ST/STM32CubeCLT_1.16.0/GNU-tools-for-STM32/bin/../lib/gcc/arm-none-eabi/12.3.1/thumb/v7e-m+fp/hard\libgcc.a(_udivmoddi4.o)
                0x0800021c                __udivmoddi4
 .text          0x080004d8        0x4 C:/ST/STM32CubeCLT_1.16.0/GNU-tools-for-STM32/bin/../lib/gcc/arm-none-eabi/12.3.1/thumb/v7e-m+fp/hard\libgcc.a(_dvmd_tls.o)
                0x080004d8                __aeabi_idiv0
                0x080004d8                __aeabi_ldiv0
 *(.text*)
 .text._ZnwjPv  0x080004dc       0x18 CMakeFiles/UART_echo.dir/Core/Src/main.cpp.obj
                0x080004dc                operator new(unsigned int, void*)
 .text._ZSt16__deque_buf_sizej
                0x080004f4       0x2a CMakeFiles/UART_echo.dir/Core/Src/main.cpp.obj
                0x080004f4                std::__deque_buf_size(unsigned int)
 *fill*         0x0800051e        0x2 
 .text.main     0x08000520       0x54 CMakeFiles/UART_echo.dir/Core/Src/main.cpp.obj
                0x08000520                main
 .text._Z18SystemClock_Configv
                0x08000574       0xe8 CMakeFiles/UART_echo.dir/Core/Src/main.cpp.obj
                0x08000574                SystemClock_Config()
 .text._ZL19MX_USART3_UART_Initv
                0x0800065c       0x6c CMakeFiles/UART_echo.dir/Core/Src/main.cpp.obj
 .text._ZL12MX_GPIO_Initv
                0x080006c8      0x220 CMakeFiles/UART_echo.dir/Core/Src/main.cpp.obj
 .text.UART3_Data_Recv_Callback
                0x080008e8       0x44 CMakeFiles/UART_echo.dir/Core/Src/main.cpp.obj
                0x080008e8                UART3_Data_Recv_Callback
 .text.Error_Handler
                0x0800092c        0xc CMakeFiles/UART_echo.dir/Core/Src/main.cpp.obj
                0x0800092c                Error_Handler
 .text._ZNSt5dequeIcSaIcEEC2Ev
                0x08000938       0x1a CMakeFiles/UART_echo.dir/Core/Src/main.cpp.obj
                0x08000938                std::deque<char, std::allocator<char> >::deque()
                0x08000938                std::deque<char, std::allocator<char> >::deque()
 .text._ZNSt5queueIcSt5dequeIcSaIcEEEC2IS2_vEEv
                0x08000952       0x28 CMakeFiles/UART_echo.dir/Core/Src/main.cpp.obj
                0x08000952                std::queue<char, std::deque<char, std::allocator<char> > >::queue<std::deque<char, std::allocator<char> >, void>()
                0x08000952                std::queue<char, std::deque<char, std::allocator<char> > >::queue<std::deque<char, std::allocator<char> >, void>()
 .text._ZNKSt5queueIcSt5dequeIcSaIcEEE5emptyEv
                0x0800097a       0x1a CMakeFiles/UART_echo.dir/Core/Src/main.cpp.obj
                0x0800097a                std::queue<char, std::deque<char, std::allocator<char> > >::empty() const
 .text._ZNSt5queueIcSt5dequeIcSaIcEEE5frontEv
                0x08000994       0x1a CMakeFiles/UART_echo.dir/Core/Src/main.cpp.obj
                0x08000994                std::queue<char, std::deque<char, std::allocator<char> > >::front()
 .text._ZNSt5queueIcSt5dequeIcSaIcEEE3popEv
                0x080009ae       0x18 CMakeFiles/UART_echo.dir/Core/Src/main.cpp.obj
                0x080009ae                std::queue<char, std::deque<char, std::allocator<char> > >::pop()
 .text._ZNSt5queueIcSt5dequeIcSaIcEEE4pushERKc
                0x080009c6       0x1c CMakeFiles/UART_echo.dir/Core/Src/main.cpp.obj
                0x080009c6                std::queue<char, std::deque<char, std::allocator<char> > >::push(char const&)
 .text._ZNSt11_Deque_baseIcSaIcEE11_Deque_implD2Ev
                0x080009e2       0x18 CMakeFiles/UART_echo.dir/Core/Src/main.cpp.obj
                0x080009e2                std::_Deque_base<char, std::allocator<char> >::_Deque_impl::~_Deque_impl()
                0x080009e2                std::_Deque_base<char, std::allocator<char> >::_Deque_impl::~_Deque_impl()
 .text._ZNSt11_Deque_baseIcSaIcEEC2Ev
                0x080009fa       0x22 CMakeFiles/UART_echo.dir/Core/Src/main.cpp.obj
                0x080009fa                std::_Deque_base<char, std::allocator<char> >::_Deque_base()
                0x080009fa                std::_Deque_base<char, std::allocator<char> >::_Deque_base()
 .text._ZNSt11_Deque_baseIcSaIcEED2Ev
                0x08000a1c       0x44 CMakeFiles/UART_echo.dir/Core/Src/main.cpp.obj
                0x08000a1c                std::_Deque_base<char, std::allocator<char> >::~_Deque_base()
                0x08000a1c                std::_Deque_base<char, std::allocator<char> >::~_Deque_base()
 .text._ZNSt5dequeIcSaIcEED2Ev
                0x08000a60       0x4a CMakeFiles/UART_echo.dir/Core/Src/main.cpp.obj
                0x08000a60                std::deque<char, std::allocator<char> >::~deque()
                0x08000a60                std::deque<char, std::allocator<char> >::~deque()
 .text._ZNKSt5dequeIcSaIcEE5emptyEv
                0x08000aaa       0x24 CMakeFiles/UART_echo.dir/Core/Src/main.cpp.obj
                0x08000aaa                std::deque<char, std::allocator<char> >::empty() const
 .text._ZNSt5dequeIcSaIcEE5frontEv
                0x08000ace       0x28 CMakeFiles/UART_echo.dir/Core/Src/main.cpp.obj
                0x08000ace                std::deque<char, std::allocator<char> >::front()
 .text._ZNSt5dequeIcSaIcEE9pop_frontEv
                0x08000af6       0x46 CMakeFiles/UART_echo.dir/Core/Src/main.cpp.obj
                0x08000af6                std::deque<char, std::allocator<char> >::pop_front()
 .text._ZNSt5dequeIcSaIcEE9push_backERKc
                0x08000b3c       0x42 CMakeFiles/UART_echo.dir/Core/Src/main.cpp.obj
                0x08000b3c                std::deque<char, std::allocator<char> >::push_back(char const&)
 .text._ZNSt11_Deque_baseIcSaIcEE11_Deque_implC2Ev
                0x08000b7e       0x20 CMakeFiles/UART_echo.dir/Core/Src/main.cpp.obj
                0x08000b7e                std::_Deque_base<char, std::allocator<char> >::_Deque_impl::_Deque_impl()
                0x08000b7e                std::_Deque_base<char, std::allocator<char> >::_Deque_impl::_Deque_impl()
 .text._ZNSt11_Deque_baseIcSaIcEE17_M_initialize_mapEj
                0x08000b9e       0xc4 CMakeFiles/UART_echo.dir/Core/Src/main.cpp.obj
                0x08000b9e                std::_Deque_base<char, std::allocator<char> >::_M_initialize_map(unsigned int)
 .text._ZNSt11_Deque_baseIcSaIcEE16_M_destroy_nodesEPPcS3_
                0x08000c62       0x36 CMakeFiles/UART_echo.dir/Core/Src/main.cpp.obj
                0x08000c62                std::_Deque_base<char, std::allocator<char> >::_M_destroy_nodes(char**, char**)
 .text._ZNSt11_Deque_baseIcSaIcEE17_M_deallocate_mapEPPcj
                0x08000c98       0x36 CMakeFiles/UART_echo.dir/Core/Src/main.cpp.obj
                0x08000c98                std::_Deque_base<char, std::allocator<char> >::_M_deallocate_map(char**, unsigned int)
 .text._ZNSt5dequeIcSaIcEE5beginEv
                0x08000cce       0x1e CMakeFiles/UART_echo.dir/Core/Src/main.cpp.obj
                0x08000cce                std::deque<char, std::allocator<char> >::begin()
 .text._ZNSt5dequeIcSaIcEE3endEv
                0x08000cec       0x1e CMakeFiles/UART_echo.dir/Core/Src/main.cpp.obj
                0x08000cec                std::deque<char, std::allocator<char> >::end()
 .text._ZNSt11_Deque_baseIcSaIcEE19_M_get_Tp_allocatorEv
                0x08000d0a       0x16 CMakeFiles/UART_echo.dir/Core/Src/main.cpp.obj
                0x08000d0a                std::_Deque_base<char, std::allocator<char> >::_M_get_Tp_allocator()
 .text._ZNSt5dequeIcSaIcEE15_M_destroy_dataESt15_Deque_iteratorIcRcPcES5_RKS0_
                0x08000d20       0x1a CMakeFiles/UART_echo.dir/Core/Src/main.cpp.obj
                0x08000d20                std::deque<char, std::allocator<char> >::_M_destroy_data(std::_Deque_iterator<char, char&, char*>, std::_Deque_iterator<char, char&, char*>, std::allocator<char> const&)
 .text._ZSteqRKSt15_Deque_iteratorIcRcPcES4_
                0x08000d3a       0x28 CMakeFiles/UART_echo.dir/Core/Src/main.cpp.obj
                0x08000d3a                std::operator==(std::_Deque_iterator<char, char&, char*> const&, std::_Deque_iterator<char, char&, char*> const&)
 .text._ZNKSt15_Deque_iteratorIcRcPcEdeEv
                0x08000d62       0x18 CMakeFiles/UART_echo.dir/Core/Src/main.cpp.obj
                0x08000d62                std::_Deque_iterator<char, char&, char*>::operator*() const
 .text._ZNSt16allocator_traitsISaIcEE7destroyIcEEvRS0_PT_
                0x08000d7a       0x1a CMakeFiles/UART_echo.dir/Core/Src/main.cpp.obj
                0x08000d7a                void std::allocator_traits<std::allocator<char> >::destroy<char>(std::allocator<char>&, char*)
 .text._ZNSt5dequeIcSaIcEE16_M_pop_front_auxEv
                0x08000d94       0x50 CMakeFiles/UART_echo.dir/Core/Src/main.cpp.obj
                0x08000d94                std::deque<char, std::allocator<char> >::_M_pop_front_aux()
 .text._ZNSt16allocator_traitsISaIcEE9constructIcJRKcEEEvRS0_PT_DpOT0_
                0x08000de4       0x26 CMakeFiles/UART_echo.dir/Core/Src/main.cpp.obj
                0x08000de4                void std::allocator_traits<std::allocator<char> >::construct<char, char const&>(std::allocator<char>&, char*, char const&)
 *fill*         0x08000e0a        0x2 
 .text._ZNSt5dequeIcSaIcEE16_M_push_back_auxIJRKcEEEvDpOT_
                0x08000e0c       0x88 CMakeFiles/UART_echo.dir/Core/Src/main.cpp.obj
                0x08000e0c                void std::deque<char, std::allocator<char> >::_M_push_back_aux<char const&>(char const&)
 .text._ZNSt11_Deque_baseIcSaIcEE16_Deque_impl_dataC2Ev
                0x08000e94       0x32 CMakeFiles/UART_echo.dir/Core/Src/main.cpp.obj
                0x08000e94                std::_Deque_base<char, std::allocator<char> >::_Deque_impl_data::_Deque_impl_data()
                0x08000e94                std::_Deque_base<char, std::allocator<char> >::_Deque_impl_data::_Deque_impl_data()
 .text._ZSt3maxIjERKT_S2_S2_
                0x08000ec6       0x28 CMakeFiles/UART_echo.dir/Core/Src/main.cpp.obj
                0x08000ec6                unsigned int const& std::max<unsigned int>(unsigned int const&, unsigned int const&)
 .text._ZNSt11_Deque_baseIcSaIcEE15_M_allocate_mapEj
                0x08000eee       0x3a CMakeFiles/UART_echo.dir/Core/Src/main.cpp.obj
                0x08000eee                std::_Deque_base<char, std::allocator<char> >::_M_allocate_map(unsigned int)
 .text._ZNSt11_Deque_baseIcSaIcEE15_M_create_nodesEPPcS3_
                0x08000f28       0x36 CMakeFiles/UART_echo.dir/Core/Src/main.cpp.obj
                0x08000f28                std::_Deque_base<char, std::allocator<char> >::_M_create_nodes(char**, char**)
 .text._ZNSt15_Deque_iteratorIcRcPcE11_M_set_nodeEPS1_
                0x08000f5e       0x30 CMakeFiles/UART_echo.dir/Core/Src/main.cpp.obj
                0x08000f5e                std::_Deque_iterator<char, char&, char*>::_M_set_node(char**)
 .text._ZNSt11_Deque_baseIcSaIcEE18_M_deallocate_nodeEPc
                0x08000f8e       0x26 CMakeFiles/UART_echo.dir/Core/Src/main.cpp.obj
                0x08000f8e                std::_Deque_base<char, std::allocator<char> >::_M_deallocate_node(char*)
 .text._ZNKSt11_Deque_baseIcSaIcEE20_M_get_map_allocatorEv
                0x08000fb4       0x22 CMakeFiles/UART_echo.dir/Core/Src/main.cpp.obj
                0x08000fb4                std::_Deque_base<char, std::allocator<char> >::_M_get_map_allocator() const
 .text._ZNSaIPcED2Ev
                0x08000fd6       0x18 CMakeFiles/UART_echo.dir/Core/Src/main.cpp.obj
                0x08000fd6                std::allocator<char*>::~allocator()
                0x08000fd6                std::allocator<char*>::~allocator()
 .text._ZNSt16allocator_traitsISaIPcEE10deallocateERS1_PS0_j
                0x08000fee       0x1e CMakeFiles/UART_echo.dir/Core/Src/main.cpp.obj
                0x08000fee                std::allocator_traits<std::allocator<char*> >::deallocate(std::allocator<char*>&, char**, unsigned int)
 .text._ZNSt15_Deque_iteratorIcRcPcEC2ERKS2_
                0x0800100c       0x38 CMakeFiles/UART_echo.dir/Core/Src/main.cpp.obj
                0x0800100c                std::_Deque_iterator<char, char&, char*>::_Deque_iterator(std::_Deque_iterator<char, char&, char*> const&)
                0x0800100c                std::_Deque_iterator<char, char&, char*>::_Deque_iterator(std::_Deque_iterator<char, char&, char*> const&)
 .text._ZNSt15__new_allocatorIcE7destroyIcEEvPT_
                0x08001044       0x16 CMakeFiles/UART_echo.dir/Core/Src/main.cpp.obj
                0x08001044                void std::__new_allocator<char>::destroy<char>(char*)
 .text._ZSt7forwardIRKcEOT_RNSt16remove_referenceIS2_E4typeE
                0x0800105a       0x16 CMakeFiles/UART_echo.dir/Core/Src/main.cpp.obj
                0x0800105a                char const& std::forward<char const&>(std::remove_reference<char const&>::type&)
 .text._ZNSt15__new_allocatorIcE9constructIcJRKcEEEvPT_DpOT0_
                0x08001070       0x2c CMakeFiles/UART_echo.dir/Core/Src/main.cpp.obj
                0x08001070                void std::__new_allocator<char>::construct<char, char const&>(char*, char const&)
 .text._ZNKSt5dequeIcSaIcEE4sizeEv
                0x0800109c       0x24 CMakeFiles/UART_echo.dir/Core/Src/main.cpp.obj
                0x0800109c                std::deque<char, std::allocator<char> >::size() const
 .text._ZNKSt5dequeIcSaIcEE8max_sizeEv
                0x080010c0       0x22 CMakeFiles/UART_echo.dir/Core/Src/main.cpp.obj
                0x080010c0                std::deque<char, std::allocator<char> >::max_size() const
 .text._ZNSt5dequeIcSaIcEE22_M_reserve_map_at_backEj
                0x080010e2       0x36 CMakeFiles/UART_echo.dir/Core/Src/main.cpp.obj
                0x080010e2                std::deque<char, std::allocator<char> >::_M_reserve_map_at_back(unsigned int)
 .text._ZNSt11_Deque_baseIcSaIcEE16_M_allocate_nodeEv
                0x08001118       0x24 CMakeFiles/UART_echo.dir/Core/Src/main.cpp.obj
                0x08001118                std::_Deque_base<char, std::allocator<char> >::_M_allocate_node()
 .text._ZNSt15_Deque_iteratorIcRcPcEC2Ev
                0x0800113c       0x2e CMakeFiles/UART_echo.dir/Core/Src/main.cpp.obj
                0x0800113c                std::_Deque_iterator<char, char&, char*>::_Deque_iterator()
                0x0800113c                std::_Deque_iterator<char, char&, char*>::_Deque_iterator()
 .text._ZNSt16allocator_traitsISaIPcEE8allocateERS1_j
                0x0800116a       0x1e CMakeFiles/UART_echo.dir/Core/Src/main.cpp.obj
                0x0800116a                std::allocator_traits<std::allocator<char*> >::allocate(std::allocator<char*>&, unsigned int)
 .text._ZNSt15_Deque_iteratorIcRcPcE14_S_buffer_sizeEv
                0x08001188       0x10 CMakeFiles/UART_echo.dir/Core/Src/main.cpp.obj
                0x08001188                std::_Deque_iterator<char, char&, char*>::_S_buffer_size()
 .text._ZNSt16allocator_traitsISaIcEE10deallocateERS0_Pcj
                0x08001198       0x1e CMakeFiles/UART_echo.dir/Core/Src/main.cpp.obj
                0x08001198                std::allocator_traits<std::allocator<char> >::deallocate(std::allocator<char>&, char*, unsigned int)
 .text._ZNKSt11_Deque_baseIcSaIcEE19_M_get_Tp_allocatorEv
                0x080011b6       0x16 CMakeFiles/UART_echo.dir/Core/Src/main.cpp.obj
                0x080011b6                std::_Deque_base<char, std::allocator<char> >::_M_get_Tp_allocator() const
 .text._ZNSaIPcEC2IcEERKSaIT_E
                0x080011cc       0x1a CMakeFiles/UART_echo.dir/Core/Src/main.cpp.obj
                0x080011cc                std::allocator<char*>::allocator<char>(std::allocator<char> const&)
                0x080011cc                std::allocator<char*>::allocator<char>(std::allocator<char> const&)
 .text._ZNSt15__new_allocatorIPcED2Ev
                0x080011e6       0x16 CMakeFiles/UART_echo.dir/Core/Src/main.cpp.obj
                0x080011e6                std::__new_allocator<char*>::~__new_allocator()
                0x080011e6                std::__new_allocator<char*>::~__new_allocator()
 .text._ZNSt15__new_allocatorIPcE10deallocateEPS0_j
                0x080011fc       0x1e CMakeFiles/UART_echo.dir/Core/Src/main.cpp.obj
                0x080011fc                std::__new_allocator<char*>::deallocate(char**, unsigned int)
 .text._ZStmiRKSt15_Deque_iteratorIcRcPcES4_
                0x0800121a       0x54 CMakeFiles/UART_echo.dir/Core/Src/main.cpp.obj
                0x0800121a                std::operator-(std::_Deque_iterator<char, char&, char*> const&, std::_Deque_iterator<char, char&, char*> const&)
 .text._ZNSt5dequeIcSaIcEE11_S_max_sizeERKS0_
                0x0800126e       0x34 CMakeFiles/UART_echo.dir/Core/Src/main.cpp.obj
                0x0800126e                std::deque<char, std::allocator<char> >::_S_max_size(std::allocator<char> const&)
 .text._ZNSt5dequeIcSaIcEE17_M_reallocate_mapEjb
                0x080012a2      0x134 CMakeFiles/UART_echo.dir/Core/Src/main.cpp.obj
                0x080012a2                std::deque<char, std::allocator<char> >::_M_reallocate_map(unsigned int, bool)
 .text._ZNSt16allocator_traitsISaIcEE8allocateERS0_j
                0x080013d6       0x1e CMakeFiles/UART_echo.dir/Core/Src/main.cpp.obj
                0x080013d6                std::allocator_traits<std::allocator<char> >::allocate(std::allocator<char>&, unsigned int)
 .text._ZNSt15__new_allocatorIPcE8allocateEjPKv
                0x080013f4       0x54 CMakeFiles/UART_echo.dir/Core/Src/main.cpp.obj
                0x080013f4                std::__new_allocator<char*>::allocate(unsigned int, void const*)
 .text._ZNSt15__new_allocatorIcE10deallocateEPcj
                0x08001448       0x1a CMakeFiles/UART_echo.dir/Core/Src/main.cpp.obj
                0x08001448                std::__new_allocator<char>::deallocate(char*, unsigned int)
 .text._ZNSt15__new_allocatorIPcEC2Ev
                0x08001462       0x16 CMakeFiles/UART_echo.dir/Core/Src/main.cpp.obj
                0x08001462                std::__new_allocator<char*>::__new_allocator()
                0x08001462                std::__new_allocator<char*>::__new_allocator()
 .text._ZNSt16allocator_traitsISaIcEE8max_sizeERKS0_
                0x08001478       0x18 CMakeFiles/UART_echo.dir/Core/Src/main.cpp.obj
                0x08001478                std::allocator_traits<std::allocator<char> >::max_size(std::allocator<char> const&)
 .text._ZSt3minIjERKT_S2_S2_
                0x08001490       0x28 CMakeFiles/UART_echo.dir/Core/Src/main.cpp.obj
                0x08001490                unsigned int const& std::min<unsigned int>(unsigned int const&, unsigned int const&)
 .text._ZSt4copyIPPcS1_ET0_T_S3_S2_
                0x080014b8       0x30 CMakeFiles/UART_echo.dir/Core/Src/main.cpp.obj
                0x080014b8                char** std::copy<char**, char**>(char**, char**, char**)
 .text._ZSt13copy_backwardIPPcS1_ET0_T_S3_S2_
                0x080014e8       0x30 CMakeFiles/UART_echo.dir/Core/Src/main.cpp.obj
                0x080014e8                char** std::copy_backward<char**, char**>(char**, char**, char**)
 .text._ZNSt15__new_allocatorIcE8allocateEjPKv
                0x08001518       0x44 CMakeFiles/UART_echo.dir/Core/Src/main.cpp.obj
                0x08001518                std::__new_allocator<char>::allocate(unsigned int, void const*)
 .text._ZNKSt15__new_allocatorIPcE11_M_max_sizeEv
                0x0800155c       0x18 CMakeFiles/UART_echo.dir/Core/Src/main.cpp.obj
                0x0800155c                std::__new_allocator<char*>::_M_max_size() const
 .text._ZNKSt15__new_allocatorIcE8max_sizeEv
                0x08001574       0x18 CMakeFiles/UART_echo.dir/Core/Src/main.cpp.obj
                0x08001574                std::__new_allocator<char>::max_size() const
 .text._ZSt12__miter_baseIPPcET_S2_
                0x0800158c       0x16 CMakeFiles/UART_echo.dir/Core/Src/main.cpp.obj
                0x0800158c                char** std::__miter_base<char**>(char**)
 .text._ZSt13__copy_move_aILb0EPPcS1_ET1_T0_S3_S2_
                0x080015a2       0x46 CMakeFiles/UART_echo.dir/Core/Src/main.cpp.obj
                0x080015a2                char** std::__copy_move_a<false, char**, char**>(char**, char**, char**)
 .text._ZSt22__copy_move_backward_aILb0EPPcS1_ET1_T0_S3_S2_
                0x080015e8       0x46 CMakeFiles/UART_echo.dir/Core/Src/main.cpp.obj
                0x080015e8                char** std::__copy_move_backward_a<false, char**, char**>(char**, char**, char**)
 .text._ZNKSt15__new_allocatorIcE11_M_max_sizeEv
                0x0800162e       0x18 CMakeFiles/UART_echo.dir/Core/Src/main.cpp.obj
                0x0800162e                std::__new_allocator<char>::_M_max_size() const
 .text._ZSt12__niter_baseIPPcET_S2_
                0x08001646       0x16 CMakeFiles/UART_echo.dir/Core/Src/main.cpp.obj
                0x08001646                char** std::__niter_base<char**>(char**)
 .text._ZSt14__copy_move_a1ILb0EPPcS1_ET1_T0_S3_S2_
                0x0800165c       0x20 CMakeFiles/UART_echo.dir/Core/Src/main.cpp.obj
                0x0800165c                char** std::__copy_move_a1<false, char**, char**>(char**, char**, char**)
 .text._ZSt12__niter_wrapIPPcET_RKS2_S2_
                0x0800167c       0x18 CMakeFiles/UART_echo.dir/Core/Src/main.cpp.obj
                0x0800167c                char** std::__niter_wrap<char**>(char** const&, char**)
 .text._ZSt23__copy_move_backward_a1ILb0EPPcS1_ET1_T0_S3_S2_
                0x08001694       0x20 CMakeFiles/UART_echo.dir/Core/Src/main.cpp.obj
                0x08001694                char** std::__copy_move_backward_a1<false, char**, char**>(char**, char**, char**)
 .text._ZSt14__copy_move_a2ILb0EPPcS1_ET1_T0_S3_S2_
                0x080016b4       0x20 CMakeFiles/UART_echo.dir/Core/Src/main.cpp.obj
                0x080016b4                char** std::__copy_move_a2<false, char**, char**>(char**, char**, char**)
 .text._ZSt23__copy_move_backward_a2ILb0EPPcS1_ET1_T0_S3_S2_
                0x080016d4       0x20 CMakeFiles/UART_echo.dir/Core/Src/main.cpp.obj
                0x080016d4                char** std::__copy_move_backward_a2<false, char**, char**>(char**, char**, char**)
 .text._ZNSt11__copy_moveILb0ELb1ESt26random_access_iterator_tagE8__copy_mIPcEEPT_PKS4_S7_S5_
                0x080016f4       0x3a CMakeFiles/UART_echo.dir/Core/Src/main.cpp.obj
                0x080016f4                char** std::__copy_move<false, true, std::random_access_iterator_tag>::__copy_m<char*>(char* const*, char* const*, char**)
 .text._ZNSt20__copy_move_backwardILb0ELb1ESt26random_access_iterator_tagE13__copy_move_bIPcEEPT_PKS4_S7_S5_
                0x0800172e       0x44 CMakeFiles/UART_echo.dir/Core/Src/main.cpp.obj
                0x0800172e                char** std::__copy_move_backward<false, true, std::random_access_iterator_tag>::__copy_move_b<char*>(char* const*, char* const*, char**)
 .text._ZNSt5queueIcSt5dequeIcSaIcEEED2Ev
                0x08001772       0x1a CMakeFiles/UART_echo.dir/Core/Src/main.cpp.obj
                0x08001772                std::queue<char, std::deque<char, std::allocator<char> > >::~queue()
                0x08001772                std::queue<char, std::deque<char, std::allocator<char> > >::~queue()
 .text._Z41__static_initialization_and_destruction_0ii
                0x0800178c       0x40 CMakeFiles/UART_echo.dir/Core/Src/main.cpp.obj
 .text._GLOBAL__sub_I_huart3
                0x080017cc       0x10 CMakeFiles/UART_echo.dir/Core/Src/main.cpp.obj
 .text.NMI_Handler
                0x080017dc        0x8 CMakeFiles/UART_echo.dir/Core/Src/stm32f4xx_it.c.obj
                0x080017dc                NMI_Handler
 .text.HardFault_Handler
                0x080017e4        0x8 CMakeFiles/UART_echo.dir/Core/Src/stm32f4xx_it.c.obj
                0x080017e4                HardFault_Handler
 .text.MemManage_Handler
                0x080017ec        0x8 CMakeFiles/UART_echo.dir/Core/Src/stm32f4xx_it.c.obj
                0x080017ec                MemManage_Handler
 .text.BusFault_Handler
                0x080017f4        0x8 CMakeFiles/UART_echo.dir/Core/Src/stm32f4xx_it.c.obj
                0x080017f4                BusFault_Handler
 .text.UsageFault_Handler
                0x080017fc        0x8 CMakeFiles/UART_echo.dir/Core/Src/stm32f4xx_it.c.obj
                0x080017fc                UsageFault_Handler
 .text.SVC_Handler
                0x08001804        0xe CMakeFiles/UART_echo.dir/Core/Src/stm32f4xx_it.c.obj
                0x08001804                SVC_Handler
 .text.DebugMon_Handler
                0x08001812        0xe CMakeFiles/UART_echo.dir/Core/Src/stm32f4xx_it.c.obj
                0x08001812                DebugMon_Handler
 .text.PendSV_Handler
                0x08001820        0xe CMakeFiles/UART_echo.dir/Core/Src/stm32f4xx_it.c.obj
                0x08001820                PendSV_Handler
 .text.SysTick_Handler
                0x0800182e        0xc CMakeFiles/UART_echo.dir/Core/Src/stm32f4xx_it.c.obj
                0x0800182e                SysTick_Handler
 *fill*         0x0800183a        0x2 
 .text.USART3_IRQHandler
                0x0800183c       0x24 CMakeFiles/UART_echo.dir/Core/Src/stm32f4xx_it.c.obj
                0x0800183c                USART3_IRQHandler
 .text.HAL_MspInit
                0x08001860       0x50 CMakeFiles/UART_echo.dir/Core/Src/stm32f4xx_hal_msp.c.obj
                0x08001860                HAL_MspInit
 .text.HAL_UART_MspInit
                0x080018b0       0xa0 CMakeFiles/UART_echo.dir/Core/Src/stm32f4xx_hal_msp.c.obj
                0x080018b0                HAL_UART_MspInit
 .text.HAL_UART_Init
                0x08001950       0xa0 CMakeFiles/UART_echo.dir/Drivers/STM32F4xx_HAL_Driver/Src/stm32f4xx_hal_uart.c.obj
                0x08001950                HAL_UART_Init
 .text.HAL_UART_Transmit
                0x080019f0      0x116 CMakeFiles/UART_echo.dir/Drivers/STM32F4xx_HAL_Driver/Src/stm32f4xx_hal_uart.c.obj
                0x080019f0                HAL_UART_Transmit
 .text.HAL_UART_Receive
                0x08001b06      0x12e CMakeFiles/UART_echo.dir/Drivers/STM32F4xx_HAL_Driver/Src/stm32f4xx_hal_uart.c.obj
                0x08001b06                HAL_UART_Receive
 .text.HAL_UART_IRQHandler
                0x08001c34      0x524 CMakeFiles/UART_echo.dir/Drivers/STM32F4xx_HAL_Driver/Src/stm32f4xx_hal_uart.c.obj
                0x08001c34                HAL_UART_IRQHandler
 .text.HAL_UART_TxCpltCallback
                0x08002158       0x14 CMakeFiles/UART_echo.dir/Drivers/STM32F4xx_HAL_Driver/Src/stm32f4xx_hal_uart.c.obj
                0x08002158                HAL_UART_TxCpltCallback
 .text.HAL_UART_RxCpltCallback
                0x0800216c       0x14 CMakeFiles/UART_echo.dir/Drivers/STM32F4xx_HAL_Driver/Src/stm32f4xx_hal_uart.c.obj
                0x0800216c                HAL_UART_RxCpltCallback
 .text.HAL_UART_ErrorCallback
                0x08002180       0x14 CMakeFiles/UART_echo.dir/Drivers/STM32F4xx_HAL_Driver/Src/stm32f4xx_hal_uart.c.obj
                0x08002180                HAL_UART_ErrorCallback
 .text.HAL_UARTEx_RxEventCallback
                0x08002194       0x18 CMakeFiles/UART_echo.dir/Drivers/STM32F4xx_HAL_Driver/Src/stm32f4xx_hal_uart.c.obj
                0x08002194                HAL_UARTEx_RxEventCallback
 .text.UART_WaitOnFlagUntilTimeout
                0x080021ac       0xb2 CMakeFiles/UART_echo.dir/Drivers/STM32F4xx_HAL_Driver/Src/stm32f4xx_hal_uart.c.obj
 .text.UART_EndRxTransfer
                0x0800225e       0xc6 CMakeFiles/UART_echo.dir/Drivers/STM32F4xx_HAL_Driver/Src/stm32f4xx_hal_uart.c.obj
 .text.UART_DMAAbortOnError
                0x08002324       0x28 CMakeFiles/UART_echo.dir/Drivers/STM32F4xx_HAL_Driver/Src/stm32f4xx_hal_uart.c.obj
 .text.UART_Transmit_IT
                0x0800234c       0xa0 CMakeFiles/UART_echo.dir/Drivers/STM32F4xx_HAL_Driver/Src/stm32f4xx_hal_uart.c.obj
 .text.UART_EndTransmit_IT
                0x080023ec       0x30 CMakeFiles/UART_echo.dir/Drivers/STM32F4xx_HAL_Driver/Src/stm32f4xx_hal_uart.c.obj
 .text.UART_Receive_IT
                0x0800241c      0x17c CMakeFiles/UART_echo.dir/Drivers/STM32F4xx_HAL_Driver/Src/stm32f4xx_hal_uart.c.obj
 .text.UART_SetConfig
                0x08002598      0x4e8 CMakeFiles/UART_echo.dir/Drivers/STM32F4xx_HAL_Driver/Src/stm32f4xx_hal_uart.c.obj
 .text.HAL_RCC_OscConfig
                0x08002a80      0x4f0 CMakeFiles/UART_echo.dir/Drivers/STM32F4xx_HAL_Driver/Src/stm32f4xx_hal_rcc.c.obj
                0x08002a80                HAL_RCC_OscConfig
 .text.HAL_RCC_ClockConfig
                0x08002f70      0x1cc CMakeFiles/UART_echo.dir/Drivers/STM32F4xx_HAL_Driver/Src/stm32f4xx_hal_rcc.c.obj
                0x08002f70                HAL_RCC_ClockConfig
 .text.HAL_RCC_GetSysClockFreq
                0x0800313c      0x20c CMakeFiles/UART_echo.dir/Drivers/STM32F4xx_HAL_Driver/Src/stm32f4xx_hal_rcc.c.obj
                0x0800313c                HAL_RCC_GetSysClockFreq
 .text.HAL_RCC_GetHCLKFreq
                0x08003348       0x18 CMakeFiles/UART_echo.dir/Drivers/STM32F4xx_HAL_Driver/Src/stm32f4xx_hal_rcc.c.obj
                0x08003348                HAL_RCC_GetHCLKFreq
 .text.HAL_RCC_GetPCLK1Freq
                0x08003360       0x28 CMakeFiles/UART_echo.dir/Drivers/STM32F4xx_HAL_Driver/Src/stm32f4xx_hal_rcc.c.obj
                0x08003360                HAL_RCC_GetPCLK1Freq
 .text.HAL_RCC_GetPCLK2Freq
                0x08003388       0x28 CMakeFiles/UART_echo.dir/Drivers/STM32F4xx_HAL_Driver/Src/stm32f4xx_hal_rcc.c.obj
                0x08003388                HAL_RCC_GetPCLK2Freq
 .text.HAL_GPIO_Init
                0x080033b0      0x358 CMakeFiles/UART_echo.dir/Drivers/STM32F4xx_HAL_Driver/Src/stm32f4xx_hal_gpio.c.obj
                0x080033b0                HAL_GPIO_Init
 .text.HAL_GPIO_WritePin
                0x08003708       0x32 CMakeFiles/UART_echo.dir/Drivers/STM32F4xx_HAL_Driver/Src/stm32f4xx_hal_gpio.c.obj
                0x08003708                HAL_GPIO_WritePin
 .text.HAL_DMA_Abort
                0x0800373a       0xe0 CMakeFiles/UART_echo.dir/Drivers/STM32F4xx_HAL_Driver/Src/stm32f4xx_hal_dma.c.obj
                0x0800373a                HAL_DMA_Abort
 .text.HAL_DMA_Abort_IT
                0x0800381a       0x44 CMakeFiles/UART_echo.dir/Drivers/STM32F4xx_HAL_Driver/Src/stm32f4xx_hal_dma.c.obj
                0x0800381a                HAL_DMA_Abort_IT
 *fill*         0x0800385e        0x2 
 .text.__NVIC_SetPriorityGrouping
                0x08003860       0x48 CMakeFiles/UART_echo.dir/Drivers/STM32F4xx_HAL_Driver/Src/stm32f4xx_hal_cortex.c.obj
 .text.__NVIC_GetPriorityGrouping
                0x080038a8       0x1c CMakeFiles/UART_echo.dir/Drivers/STM32F4xx_HAL_Driver/Src/stm32f4xx_hal_cortex.c.obj
 .text.__NVIC_EnableIRQ
                0x080038c4       0x3c CMakeFiles/UART_echo.dir/Drivers/STM32F4xx_HAL_Driver/Src/stm32f4xx_hal_cortex.c.obj
 .text.__NVIC_SetPriority
                0x08003900       0x54 CMakeFiles/UART_echo.dir/Drivers/STM32F4xx_HAL_Driver/Src/stm32f4xx_hal_cortex.c.obj
 .text.NVIC_EncodePriority
                0x08003954       0x66 CMakeFiles/UART_echo.dir/Drivers/STM32F4xx_HAL_Driver/Src/stm32f4xx_hal_cortex.c.obj
 *fill*         0x080039ba        0x2 
 .text.SysTick_Config
                0x080039bc       0x44 CMakeFiles/UART_echo.dir/Drivers/STM32F4xx_HAL_Driver/Src/stm32f4xx_hal_cortex.c.obj
 .text.HAL_NVIC_SetPriorityGrouping
                0x08003a00       0x16 CMakeFiles/UART_echo.dir/Drivers/STM32F4xx_HAL_Driver/Src/stm32f4xx_hal_cortex.c.obj
                0x08003a00                HAL_NVIC_SetPriorityGrouping
 .text.HAL_NVIC_SetPriority
                0x08003a16       0x38 CMakeFiles/UART_echo.dir/Drivers/STM32F4xx_HAL_Driver/Src/stm32f4xx_hal_cortex.c.obj
                0x08003a16                HAL_NVIC_SetPriority
 .text.HAL_NVIC_EnableIRQ
                0x08003a4e       0x1c CMakeFiles/UART_echo.dir/Drivers/STM32F4xx_HAL_Driver/Src/stm32f4xx_hal_cortex.c.obj
                0x08003a4e                HAL_NVIC_EnableIRQ
 .text.HAL_SYSTICK_Config
                0x08003a6a       0x18 CMakeFiles/UART_echo.dir/Drivers/STM32F4xx_HAL_Driver/Src/stm32f4xx_hal_cortex.c.obj
                0x08003a6a                HAL_SYSTICK_Config
 *fill*         0x08003a82        0x2 
 .text.HAL_Init
                0x08003a84       0x44 CMakeFiles/UART_echo.dir/Drivers/STM32F4xx_HAL_Driver/Src/stm32f4xx_hal.c.obj
                0x08003a84                HAL_Init
 .text.HAL_InitTick
                0x08003ac8       0x60 CMakeFiles/UART_echo.dir/Drivers/STM32F4xx_HAL_Driver/Src/stm32f4xx_hal.c.obj
                0x08003ac8                HAL_InitTick
 .text.HAL_IncTick
                0x08003b28       0x28 CMakeFiles/UART_echo.dir/Drivers/STM32F4xx_HAL_Driver/Src/stm32f4xx_hal.c.obj
                0x08003b28                HAL_IncTick
 .text.HAL_GetTick
                0x08003b50       0x18 CMakeFiles/UART_echo.dir/Drivers/STM32F4xx_HAL_Driver/Src/stm32f4xx_hal.c.obj
                0x08003b50                HAL_GetTick
 .text.SystemInit
                0x08003b68       0x24 CMakeFiles/UART_echo.dir/Core/Src/system_stm32f4xx.c.obj
                0x08003b68                SystemInit
 .text._sbrk    0x08003b8c       0x6c CMakeFiles/UART_echo.dir/Core/Src/sysmem.c.obj
                0x08003b8c                _sbrk
 .text._getpid  0x08003bf8       0x10 CMakeFiles/UART_echo.dir/Core/Src/syscalls.c.obj
                0x08003bf8                _getpid
 .text._kill    0x08003c08       0x20 CMakeFiles/UART_echo.dir/Core/Src/syscalls.c.obj
                0x08003c08                _kill
 .text._exit    0x08003c28       0x16 CMakeFiles/UART_echo.dir/Core/Src/syscalls.c.obj
                0x08003c28                _exit
 *fill*         0x08003c3e        0x2 
 .text.Reset_Handler
                0x08003c40       0x50 CMakeFiles/UART_echo.dir/startup_stm32f429xx.s.obj
                0x08003c40                Reset_Handler
 .text.Default_Handler
                0x08003c90        0x2 CMakeFiles/UART_echo.dir/startup_stm32f429xx.s.obj
                0x08003c90                RTC_Alarm_IRQHandler
                0x08003c90                HASH_RNG_IRQHandler
                0x08003c90                EXTI2_IRQHandler
                0x08003c90                TIM8_CC_IRQHandler
                0x08003c90                UART8_IRQHandler
                0x08003c90                SPI4_IRQHandler
                0x08003c90                TIM1_CC_IRQHandler
                0x08003c90                DMA2_Stream5_IRQHandler
                0x08003c90                DMA1_Stream5_IRQHandler
                0x08003c90                PVD_IRQHandler
                0x08003c90                SDIO_IRQHandler
                0x08003c90                TAMP_STAMP_IRQHandler
                0x08003c90                CAN2_RX1_IRQHandler
                0x08003c90                EXTI3_IRQHandler
                0x08003c90                TIM8_TRG_COM_TIM14_IRQHandler
                0x08003c90                TIM1_UP_TIM10_IRQHandler
                0x08003c90                TIM8_UP_TIM13_IRQHandler
                0x08003c90                I2C3_ER_IRQHandler
                0x08003c90                EXTI0_IRQHandler
                0x08003c90                I2C2_EV_IRQHandler
                0x08003c90                DMA1_Stream2_IRQHandler
                0x08003c90                CAN1_RX0_IRQHandler
                0x08003c90                FPU_IRQHandler
                0x08003c90                OTG_HS_WKUP_IRQHandler
                0x08003c90                LTDC_ER_IRQHandler
                0x08003c90                CAN2_SCE_IRQHandler
                0x08003c90                DMA2_Stream2_IRQHandler
                0x08003c90                SPI1_IRQHandler
                0x08003c90                TIM6_DAC_IRQHandler
                0x08003c90                TIM1_BRK_TIM9_IRQHandler
                0x08003c90                DCMI_IRQHandler
                0x08003c90                CAN2_RX0_IRQHandler
                0x08003c90                DMA2_Stream3_IRQHandler
                0x08003c90                USART6_IRQHandler
                0x08003c90                CAN1_RX1_IRQHandler
                0x08003c90                UART5_IRQHandler
                0x08003c90                DMA2_Stream0_IRQHandler
                0x08003c90                TIM4_IRQHandler
                0x08003c90                I2C1_EV_IRQHandler
                0x08003c90                DMA1_Stream6_IRQHandler
                0x08003c90                DMA1_Stream1_IRQHandler
                0x08003c90                UART4_IRQHandler
                0x08003c90                TIM3_IRQHandler
                0x08003c90                RCC_IRQHandler
                0x08003c90                TIM8_BRK_TIM12_IRQHandler
                0x08003c90                Default_Handler
                0x08003c90                EXTI15_10_IRQHandler
                0x08003c90                ADC_IRQHandler
                0x08003c90                DMA1_Stream7_IRQHandler
                0x08003c90                SPI5_IRQHandler
                0x08003c90                TIM7_IRQHandler
                0x08003c90                CAN2_TX_IRQHandler
                0x08003c90                TIM5_IRQHandler
                0x08003c90                DMA2_Stream7_IRQHandler
                0x08003c90                I2C3_EV_IRQHandler
                0x08003c90                EXTI9_5_IRQHandler
                0x08003c90                RTC_WKUP_IRQHandler
                0x08003c90                LTDC_IRQHandler
                0x08003c90                ETH_WKUP_IRQHandler
                0x08003c90                SPI2_IRQHandler
                0x08003c90                OTG_HS_EP1_IN_IRQHandler
                0x08003c90                DMA1_Stream0_IRQHandler
                0x08003c90                CAN1_TX_IRQHandler
                0x08003c90                EXTI4_IRQHandler
                0x08003c90                ETH_IRQHandler
                0x08003c90                OTG_HS_EP1_OUT_IRQHandler
                0x08003c90                WWDG_IRQHandler
                0x08003c90                SPI6_IRQHandler
                0x08003c90                TIM2_IRQHandler
                0x08003c90                OTG_FS_WKUP_IRQHandler
                0x08003c90                TIM1_TRG_COM_TIM11_IRQHandler
                0x08003c90                OTG_HS_IRQHandler
                0x08003c90                DMA2D_IRQHandler
                0x08003c90                EXTI1_IRQHandler
                0x08003c90                UART7_IRQHandler
                0x08003c90                USART2_IRQHandler
                0x08003c90                I2C2_ER_IRQHandler
                0x08003c90                DMA2_Stream1_IRQHandler
                0x08003c90                CAN1_SCE_IRQHandler
                0x08003c90                FLASH_IRQHandler
                0x08003c90                DMA2_Stream4_IRQHandler
                0x08003c90                USART1_IRQHandler
                0x08003c90                OTG_FS_IRQHandler
                0x08003c90                SPI3_IRQHandler
                0x08003c90                DMA1_Stream4_IRQHandler
                0x08003c90                I2C1_ER_IRQHandler
                0x08003c90                FMC_IRQHandler
                0x08003c90                DMA2_Stream6_IRQHandler
                0x08003c90                SAI1_IRQHandler
                0x08003c90                DMA1_Stream3_IRQHandler
 .text.__aeabi_atexit
                0x08003c92        0xa C:/ST/STM32CubeCLT_1.16.0/GNU-tools-for-STM32/bin/../lib/gcc/arm-none-eabi/12.3.1/../../../../arm-none-eabi/lib/thumb/v7e-m+fp/hard\libstdc++_nano.a(atexit_arm.o)
                0x08003c92                __aeabi_atexit
 .text._ZdlPvj  0x08003c9c        0x4 C:/ST/STM32CubeCLT_1.16.0/GNU-tools-for-STM32/bin/../lib/gcc/arm-none-eabi/12.3.1/../../../../arm-none-eabi/lib/thumb/v7e-m+fp/hard\libstdc++_nano.a(del_ops.o)
                0x08003c9c                operator delete(void*, unsigned int)
 .text._Znwj    0x08003ca0       0x22 C:/ST/STM32CubeCLT_1.16.0/GNU-tools-for-STM32/bin/../lib/gcc/arm-none-eabi/12.3.1/../../../../arm-none-eabi/lib/thumb/v7e-m+fp/hard\libstdc++_nano.a(new_op.o)
                0x08003ca0                operator new(unsigned int)
 .text._ZNSaIcEC2Ev
                0x08003cc2        0x2 C:/ST/STM32CubeCLT_1.16.0/GNU-tools-for-STM32/bin/../lib/gcc/arm-none-eabi/12.3.1/../../../../arm-none-eabi/lib/thumb/v7e-m+fp/hard\libstdc++_nano.a(allocator-inst.o)
                0x08003cc2                std::allocator<char>::allocator()
                0x08003cc2                std::allocator<char>::allocator()
 .text._ZNSaIcED2Ev
                0x08003cc4        0x2 C:/ST/STM32CubeCLT_1.16.0/GNU-tools-for-STM32/bin/../lib/gcc/arm-none-eabi/12.3.1/../../../../arm-none-eabi/lib/thumb/v7e-m+fp/hard\libstdc++_nano.a(allocator-inst.o)
                0x08003cc4                std::allocator<char>::~allocator()
                0x08003cc4                std::allocator<char>::~allocator()
 .text.unlikely._ZSt17__throw_bad_allocv
                0x08003cc6        0x6 C:/ST/STM32CubeCLT_1.16.0/GNU-tools-for-STM32/bin/../lib/gcc/arm-none-eabi/12.3.1/../../../../arm-none-eabi/lib/thumb/v7e-m+fp/hard\libstdc++_nano.a(functexcept.o)
                0x08003cc6                std::__throw_bad_alloc()
 .text.unlikely._ZSt28__throw_bad_array_new_lengthv
                0x08003ccc        0x6 C:/ST/STM32CubeCLT_1.16.0/GNU-tools-for-STM32/bin/../lib/gcc/arm-none-eabi/12.3.1/../../../../arm-none-eabi/lib/thumb/v7e-m+fp/hard\libstdc++_nano.a(functexcept.o)
                0x08003ccc                std::__throw_bad_array_new_length()
 .text.unlikely._ZSt20__throw_length_errorPKc
                0x08003cd2        0x6 C:/ST/STM32CubeCLT_1.16.0/GNU-tools-for-STM32/bin/../lib/gcc/arm-none-eabi/12.3.1/../../../../arm-none-eabi/lib/thumb/v7e-m+fp/hard\libstdc++_nano.a(functexcept.o)
                0x08003cd2                std::__throw_length_error(char const*)
 .text._ZdlPv   0x08003cd8        0x4 C:/ST/STM32CubeCLT_1.16.0/GNU-tools-for-STM32/bin/../lib/gcc/arm-none-eabi/12.3.1/../../../../arm-none-eabi/lib/thumb/v7e-m+fp/hard\libstdc++_nano.a(del_op.o)
                0x08003cd8                operator delete(void*)
 .text._ZSt15get_new_handlerv
                0x08003cdc       0x10 C:/ST/STM32CubeCLT_1.16.0/GNU-tools-for-STM32/bin/../lib/gcc/arm-none-eabi/12.3.1/../../../../arm-none-eabi/lib/thumb/v7e-m+fp/hard\libstdc++_nano.a(new_handler.o)
                0x08003cdc                std::get_new_handler()
 .text.abort    0x08003cec        0xe C:/ST/STM32CubeCLT_1.16.0/GNU-tools-for-STM32/bin/../lib/gcc/arm-none-eabi/12.3.1/../../../../arm-none-eabi/lib/thumb/v7e-m+fp/hard\libc_nano.a(libc_a-abort.o)
                0x08003cec                abort
 *fill*         0x08003cfa        0x2 
 .text.malloc   0x08003cfc       0x10 C:/ST/STM32CubeCLT_1.16.0/GNU-tools-for-STM32/bin/../lib/gcc/arm-none-eabi/12.3.1/../../../../arm-none-eabi/lib/thumb/v7e-m+fp/hard\libc_nano.a(libc_a-malloc.o)
                0x08003cfc                malloc
 .text.free     0x08003d0c       0x10 C:/ST/STM32CubeCLT_1.16.0/GNU-tools-for-STM32/bin/../lib/gcc/arm-none-eabi/12.3.1/../../../../arm-none-eabi/lib/thumb/v7e-m+fp/hard\libc_nano.a(libc_a-malloc.o)
                0x08003d0c                free
 .text.sbrk_aligned
                0x08003d1c       0x44 C:/ST/STM32CubeCLT_1.16.0/GNU-tools-for-STM32/bin/../lib/gcc/arm-none-eabi/12.3.1/../../../../arm-none-eabi/lib/thumb/v7e-m+fp/hard\libc_nano.a(libc_a-mallocr.o)
 .text._malloc_r
                0x08003d60      0x100 C:/ST/STM32CubeCLT_1.16.0/GNU-tools-for-STM32/bin/../lib/gcc/arm-none-eabi/12.3.1/../../../../arm-none-eabi/lib/thumb/v7e-m+fp/hard\libc_nano.a(libc_a-mallocr.o)
                0x08003d60                _malloc_r
 .text.__malloc_lock
                0x08003e60        0xc C:/ST/STM32CubeCLT_1.16.0/GNU-tools-for-STM32/bin/../lib/gcc/arm-none-eabi/12.3.1/../../../../arm-none-eabi/lib/thumb/v7e-m+fp/hard\libc_nano.a(libc_a-mlock.o)
                0x08003e60                __malloc_lock
 .text.__malloc_unlock
                0x08003e6c        0xc C:/ST/STM32CubeCLT_1.16.0/GNU-tools-for-STM32/bin/../lib/gcc/arm-none-eabi/12.3.1/../../../../arm-none-eabi/lib/thumb/v7e-m+fp/hard\libc_nano.a(libc_a-mlock.o)
                0x08003e6c                __malloc_unlock
 .text.__cxa_atexit
                0x08003e78       0x1c C:/ST/STM32CubeCLT_1.16.0/GNU-tools-for-STM32/bin/../lib/gcc/arm-none-eabi/12.3.1/../../../../arm-none-eabi/lib/thumb/v7e-m+fp/hard\libc_nano.a(libc_a-cxa_atexit.o)
                0x08003e78                __cxa_atexit
 .text.memmove  0x08003e94       0x34 C:/ST/STM32CubeCLT_1.16.0/GNU-tools-for-STM32/bin/../lib/gcc/arm-none-eabi/12.3.1/../../../../arm-none-eabi/lib/thumb/v7e-m+fp/hard\libc_nano.a(libc_a-memmove.o)
                0x08003e94                memmove
 .text.memset   0x08003ec8       0x10 C:/ST/STM32CubeCLT_1.16.0/GNU-tools-for-STM32/bin/../lib/gcc/arm-none-eabi/12.3.1/../../../../arm-none-eabi/lib/thumb/v7e-m+fp/hard\libc_nano.a(libc_a-memset.o)
                0x08003ec8                memset
 .text._raise_r
                0x08003ed8       0x50 C:/ST/STM32CubeCLT_1.16.0/GNU-tools-for-STM32/bin/../lib/gcc/arm-none-eabi/12.3.1/../../../../arm-none-eabi/lib/thumb/v7e-m+fp/hard\libc_nano.a(libc_a-signal.o)
                0x08003ed8                _raise_r
 .text.raise    0x08003f28       0x10 C:/ST/STM32CubeCLT_1.16.0/GNU-tools-for-STM32/bin/../lib/gcc/arm-none-eabi/12.3.1/../../../../arm-none-eabi/lib/thumb/v7e-m+fp/hard\libc_nano.a(libc_a-signal.o)
                0x08003f28                raise
 .text._kill_r  0x08003f38       0x24 C:/ST/STM32CubeCLT_1.16.0/GNU-tools-for-STM32/bin/../lib/gcc/arm-none-eabi/12.3.1/../../../../arm-none-eabi/lib/thumb/v7e-m+fp/hard\libc_nano.a(libc_a-signalr.o)
                0x08003f38                _kill_r
 .text._getpid_r
                0x08003f5c        0x4 C:/ST/STM32CubeCLT_1.16.0/GNU-tools-for-STM32/bin/../lib/gcc/arm-none-eabi/12.3.1/../../../../arm-none-eabi/lib/thumb/v7e-m+fp/hard\libc_nano.a(libc_a-signalr.o)
                0x08003f5c                _getpid_r
 .text._sbrk_r  0x08003f60       0x20 C:/ST/STM32CubeCLT_1.16.0/GNU-tools-for-STM32/bin/../lib/gcc/arm-none-eabi/12.3.1/../../../../arm-none-eabi/lib/thumb/v7e-m+fp/hard\libc_nano.a(libc_a-sbrkr.o)
                0x08003f60                _sbrk_r
 .text.__errno  0x08003f80        0xc C:/ST/STM32CubeCLT_1.16.0/GNU-tools-for-STM32/bin/../lib/gcc/arm-none-eabi/12.3.1/../../../../arm-none-eabi/lib/thumb/v7e-m+fp/hard\libc_nano.a(libc_a-errno.o)
                0x08003f80                __errno
 .text.__libc_init_array
                0x08003f8c       0x48 C:/ST/STM32CubeCLT_1.16.0/GNU-tools-for-STM32/bin/../lib/gcc/arm-none-eabi/12.3.1/../../../../arm-none-eabi/lib/thumb/v7e-m+fp/hard\libc_nano.a(libc_a-init.o)
                0x08003f8c                __libc_init_array
 .text.__retarget_lock_acquire_recursive
                0x08003fd4        0x2 C:/ST/STM32CubeCLT_1.16.0/GNU-tools-for-STM32/bin/../lib/gcc/arm-none-eabi/12.3.1/../../../../arm-none-eabi/lib/thumb/v7e-m+fp/hard\libc_nano.a(libc_a-lock.o)
                0x08003fd4                __retarget_lock_acquire_recursive
 .text.__retarget_lock_release_recursive
                0x08003fd6        0x2 C:/ST/STM32CubeCLT_1.16.0/GNU-tools-for-STM32/bin/../lib/gcc/arm-none-eabi/12.3.1/../../../../arm-none-eabi/lib/thumb/v7e-m+fp/hard\libc_nano.a(libc_a-lock.o)
                0x08003fd6                __retarget_lock_release_recursive
 .text._free_r  0x08003fd8       0x94 C:/ST/STM32CubeCLT_1.16.0/GNU-tools-for-STM32/bin/../lib/gcc/arm-none-eabi/12.3.1/../../../../arm-none-eabi/lib/thumb/v7e-m+fp/hard\libc_nano.a(libc_a-freer.o)
                0x08003fd8                _free_r
 *(.glue_7)
 .glue_7        0x0800406c        0x0 linker stubs
 *(.glue_7t)
 .glue_7t       0x0800406c        0x0 linker stubs
 *(.eh_frame)
 .eh_frame      0x0800406c        0x0 C:/ST/STM32CubeCLT_1.16.0/GNU-tools-for-STM32/bin/../lib/gcc/arm-none-eabi/12.3.1/thumb/v7e-m+fp/hard/crtbegin.o
 *(.init)
 .init          0x0800406c        0x4 C:/ST/STM32CubeCLT_1.16.0/GNU-tools-for-STM32/bin/../lib/gcc/arm-none-eabi/12.3.1/thumb/v7e-m+fp/hard/crti.o
                0x0800406c                _init
 .init          0x08004070        0x8 C:/ST/STM32CubeCLT_1.16.0/GNU-tools-for-STM32/bin/../lib/gcc/arm-none-eabi/12.3.1/thumb/v7e-m+fp/hard/crtn.o
 *(.fini)
 .fini          0x08004078        0x4 C:/ST/STM32CubeCLT_1.16.0/GNU-tools-for-STM32/bin/../lib/gcc/arm-none-eabi/12.3.1/thumb/v7e-m+fp/hard/crti.o
                0x08004078                _fini
 .fini          0x0800407c        0x8 C:/ST/STM32CubeCLT_1.16.0/GNU-tools-for-STM32/bin/../lib/gcc/arm-none-eabi/12.3.1/thumb/v7e-m+fp/hard/crtn.o
                0x08004084                        . = ALIGN (0x4)
                0x08004084                        _etext = .

.vfp11_veneer   0x08004084        0x0
 .vfp11_veneer  0x08004084        0x0 linker stubs

.v4_bx          0x08004084        0x0
 .v4_bx         0x08004084        0x0 linker stubs

.iplt           0x08004084        0x0
 .iplt          0x08004084        0x0 C:/ST/STM32CubeCLT_1.16.0/GNU-tools-for-STM32/bin/../lib/gcc/arm-none-eabi/12.3.1/thumb/v7e-m+fp/hard/crtbegin.o

.rodata         0x08004084       0x48
                0x08004084                        . = ALIGN (0x4)
 *(.rodata)
 .rodata        0x08004084       0x30 CMakeFiles/UART_echo.dir/Core/Src/main.cpp.obj
 *(.rodata*)
 .rodata.AHBPrescTable
                0x080040b4       0x10 CMakeFiles/UART_echo.dir/Core/Src/system_stm32f4xx.c.obj
                0x080040b4                AHBPrescTable
 .rodata.APBPrescTable
                0x080040c4        0x8 CMakeFiles/UART_echo.dir/Core/Src/system_stm32f4xx.c.obj
                0x080040c4                APBPrescTable
                0x080040cc                        . = ALIGN (0x4)

.ARM.extab
 *(.ARM.extab* .gnu.linkonce.armextab.*)

.ARM            0x080040cc        0x8
                0x080040cc                        __exidx_start = .
 *(.ARM.exidx*)
 .ARM.exidx     0x080040cc        0x8 C:/ST/STM32CubeCLT_1.16.0/GNU-tools-for-STM32/bin/../lib/gcc/arm-none-eabi/12.3.1/thumb/v7e-m+fp/hard\libgcc.a(_udivmoddi4.o)
                0x080040d4                        __exidx_end = .

.rel.dyn        0x080040d4        0x0
 .rel.iplt      0x080040d4        0x0 C:/ST/STM32CubeCLT_1.16.0/GNU-tools-for-STM32/bin/../lib/gcc/arm-none-eabi/12.3.1/thumb/v7e-m+fp/hard/crtbegin.o

.preinit_array  0x080040d4        0x0
                0x080040d4                        PROVIDE (__preinit_array_start = .)
 *(.preinit_array*)
                0x080040d4                        PROVIDE (__preinit_array_end = .)

.init_array     0x080040d4        0x8
                0x080040d4                        PROVIDE (__init_array_start = .)
 *(SORT_BY_NAME(.init_array.*))
 *(.init_array*)
 .init_array    0x080040d4        0x4 C:/ST/STM32CubeCLT_1.16.0/GNU-tools-for-STM32/bin/../lib/gcc/arm-none-eabi/12.3.1/thumb/v7e-m+fp/hard/crtbegin.o
 .init_array    0x080040d8        0x4 CMakeFiles/UART_echo.dir/Core/Src/main.cpp.obj
                0x080040dc                        PROVIDE (__init_array_end = .)

.fini_array     0x080040dc        0x4
                [!provide]                        PROVIDE (__fini_array_start = .)
 *(SORT_BY_NAME(.fini_array.*))
 *(.fini_array*)
 .fini_array    0x080040dc        0x4 C:/ST/STM32CubeCLT_1.16.0/GNU-tools-for-STM32/bin/../lib/gcc/arm-none-eabi/12.3.1/thumb/v7e-m+fp/hard/crtbegin.o
                [!provide]                        PROVIDE (__fini_array_end = .)
                0x080040e0                        _sidata = LOADADDR (.data)

.data           0x20000000       0x60 load address 0x080040e0
                0x20000000                        . = ALIGN (0x4)
                0x20000000                        _sdata = .
 *(.data)
 .data          0x20000000        0x4 C:/ST/STM32CubeCLT_1.16.0/GNU-tools-for-STM32/bin/../lib/gcc/arm-none-eabi/12.3.1/thumb/v7e-m+fp/hard/crtbegin.o
                0x20000000                __dso_handle
 *(.data*)
 .data.uwTickPrio
                0x20000004        0x4 CMakeFiles/UART_echo.dir/Drivers/STM32F4xx_HAL_Driver/Src/stm32f4xx_hal.c.obj
                0x20000004                uwTickPrio
 .data.uwTickFreq
                0x20000008        0x1 CMakeFiles/UART_echo.dir/Drivers/STM32F4xx_HAL_Driver/Src/stm32f4xx_hal.c.obj
                0x20000008                uwTickFreq
 *fill*         0x20000009        0x3 
 .data.SystemCoreClock
                0x2000000c        0x4 CMakeFiles/UART_echo.dir/Core/Src/system_stm32f4xx.c.obj
                0x2000000c                SystemCoreClock
 .data._impure_ptr
                0x20000010        0x4 C:/ST/STM32CubeCLT_1.16.0/GNU-tools-for-STM32/bin/../lib/gcc/arm-none-eabi/12.3.1/../../../../arm-none-eabi/lib/thumb/v7e-m+fp/hard\libc_nano.a(libc_a-impure.o)
                0x20000010                _impure_ptr
 .data._impure_data
                0x20000014       0x4c C:/ST/STM32CubeCLT_1.16.0/GNU-tools-for-STM32/bin/../lib/gcc/arm-none-eabi/12.3.1/../../../../arm-none-eabi/lib/thumb/v7e-m+fp/hard\libc_nano.a(libc_a-impure.o)
                0x20000014                _impure_data
                0x20000060                        . = ALIGN (0x4)
                0x20000060                        _edata = .
                0x08004140                        _siccmram = LOADADDR (.ccmram)

.igot.plt       0x20000060        0x0 load address 0x08004140
 .igot.plt      0x20000060        0x0 C:/ST/STM32CubeCLT_1.16.0/GNU-tools-for-STM32/bin/../lib/gcc/arm-none-eabi/12.3.1/thumb/v7e-m+fp/hard/crtbegin.o

.ccmram         0x10000000        0x0 load address 0x08004140
                0x10000000                        . = ALIGN (0x4)
                0x10000000                        _sccmram = .
 *(.ccmram)
 *(.ccmram*)
                0x10000000                        . = ALIGN (0x4)
                0x10000000                        _eccmram = .
                0x10000000                        . = ALIGN (0x4)

.bss            0x20000060      0x1e0
                0x20000060                        _sbss = .
                0x20000060                        __bss_start__ = _sbss
 *(.bss)
 .bss           0x20000060       0x1c C:/ST/STM32CubeCLT_1.16.0/GNU-tools-for-STM32/bin/../lib/gcc/arm-none-eabi/12.3.1/thumb/v7e-m+fp/hard/crtbegin.o
 *(.bss*)
 .bss.huart3    0x2000007c       0x48 CMakeFiles/UART_echo.dir/Core/Src/main.cpp.obj
                0x2000007c                huart3
 .bss.qData     0x200000c4       0x28 CMakeFiles/UART_echo.dir/Core/Src/main.cpp.obj
                0x200000c4                qData
 .bss.uwTick    0x200000ec        0x4 CMakeFiles/UART_echo.dir/Drivers/STM32F4xx_HAL_Driver/Src/stm32f4xx_hal.c.obj
                0x200000ec                uwTick
 .bss.__sbrk_heap_end
                0x200000f0        0x4 CMakeFiles/UART_echo.dir/Core/Src/sysmem.c.obj
 .bss._ZN12_GLOBAL__N_113__new_handlerE
                0x200000f4        0x4 C:/ST/STM32CubeCLT_1.16.0/GNU-tools-for-STM32/bin/../lib/gcc/arm-none-eabi/12.3.1/../../../../arm-none-eabi/lib/thumb/v7e-m+fp/hard\libstdc++_nano.a(new_handler.o)
 .bss.__malloc_sbrk_start
                0x200000f8        0x4 C:/ST/STM32CubeCLT_1.16.0/GNU-tools-for-STM32/bin/../lib/gcc/arm-none-eabi/12.3.1/../../../../arm-none-eabi/lib/thumb/v7e-m+fp/hard\libc_nano.a(libc_a-mallocr.o)
                0x200000f8                __malloc_sbrk_start
 .bss.__malloc_free_list
                0x200000fc        0x4 C:/ST/STM32CubeCLT_1.16.0/GNU-tools-for-STM32/bin/../lib/gcc/arm-none-eabi/12.3.1/../../../../arm-none-eabi/lib/thumb/v7e-m+fp/hard\libc_nano.a(libc_a-mallocr.o)
                0x200000fc                __malloc_free_list
 .bss.__sf      0x20000100      0x138 C:/ST/STM32CubeCLT_1.16.0/GNU-tools-for-STM32/bin/../lib/gcc/arm-none-eabi/12.3.1/../../../../arm-none-eabi/lib/thumb/v7e-m+fp/hard\libc_nano.a(libc_a-findfp.o)
                0x20000100                __sf
 .bss.errno     0x20000238        0x4 C:/ST/STM32CubeCLT_1.16.0/GNU-tools-for-STM32/bin/../lib/gcc/arm-none-eabi/12.3.1/../../../../arm-none-eabi/lib/thumb/v7e-m+fp/hard\libc_nano.a(libc_a-reent.o)
                0x20000238                errno
 .bss.__lock___malloc_recursive_mutex
                0x2000023c        0x1 C:/ST/STM32CubeCLT_1.16.0/GNU-tools-for-STM32/bin/../lib/gcc/arm-none-eabi/12.3.1/../../../../arm-none-eabi/lib/thumb/v7e-m+fp/hard\libc_nano.a(libc_a-lock.o)
                0x2000023c                __lock___malloc_recursive_mutex
 *(COMMON)
                0x20000240                        . = ALIGN (0x4)
 *fill*         0x2000023d        0x3 
                0x20000240                        _ebss = .
                0x20000240                        __bss_end__ = _ebss

._user_heap_stack
                0x20000240      0x600
                0x20000240                        . = ALIGN (0x8)
                [!provide]                        PROVIDE (end = .)
                0x20000240                        PROVIDE (_end = .)
                0x20000440                        . = (. + _Min_Heap_Size)
 *fill*         0x20000240      0x200 
                0x20000840                        . = (. + _Min_Stack_Size)
 *fill*         0x20000440      0x400 
                0x20000840                        . = ALIGN (0x8)

/DISCARD/
 libc.a(*)
 libm.a(*)
 libgcc.a(*)

.ARM.attributes
                0x00000000       0x30
 *(.ARM.attributes)
 .ARM.attributes
                0x00000000       0x22 C:/ST/STM32CubeCLT_1.16.0/GNU-tools-for-STM32/bin/../lib/gcc/arm-none-eabi/12.3.1/thumb/v7e-m+fp/hard/crti.o
 .ARM.attributes
                0x00000022       0x34 C:/ST/STM32CubeCLT_1.16.0/GNU-tools-for-STM32/bin/../lib/gcc/arm-none-eabi/12.3.1/thumb/v7e-m+fp/hard/crtbegin.o
 .ARM.attributes
                0x00000056       0x34 CMakeFiles/UART_echo.dir/Core/Src/main.cpp.obj
 .ARM.attributes
                0x0000008a       0x34 CMakeFiles/UART_echo.dir/Core/Src/stm32f4xx_it.c.obj
 .ARM.attributes
                0x000000be       0x34 CMakeFiles/UART_echo.dir/Core/Src/stm32f4xx_hal_msp.c.obj
 .ARM.attributes
                0x000000f2       0x34 CMakeFiles/UART_echo.dir/Drivers/STM32F4xx_HAL_Driver/Src/stm32f4xx_hal_uart.c.obj
 .ARM.attributes
                0x00000126       0x34 CMakeFiles/UART_echo.dir/Drivers/STM32F4xx_HAL_Driver/Src/stm32f4xx_hal_rcc.c.obj
 .ARM.attributes
                0x0000015a       0x34 CMakeFiles/UART_echo.dir/Drivers/STM32F4xx_HAL_Driver/Src/stm32f4xx_hal_gpio.c.obj
 .ARM.attributes
                0x0000018e       0x34 CMakeFiles/UART_echo.dir/Drivers/STM32F4xx_HAL_Driver/Src/stm32f4xx_hal_dma.c.obj
 .ARM.attributes
                0x000001c2       0x34 CMakeFiles/UART_echo.dir/Drivers/STM32F4xx_HAL_Driver/Src/stm32f4xx_hal_cortex.c.obj
 .ARM.attributes
                0x000001f6       0x34 CMakeFiles/UART_echo.dir/Drivers/STM32F4xx_HAL_Driver/Src/stm32f4xx_hal.c.obj
 .ARM.attributes
                0x0000022a       0x34 CMakeFiles/UART_echo.dir/Core/Src/system_stm32f4xx.c.obj
 .ARM.attributes
                0x0000025e       0x34 CMakeFiles/UART_echo.dir/Core/Src/sysmem.c.obj
 .ARM.attributes
                0x00000292       0x34 CMakeFiles/UART_echo.dir/Core/Src/syscalls.c.obj
 .ARM.attributes
                0x000002c6       0x21 CMakeFiles/UART_echo.dir/startup_stm32f429xx.s.obj
 .ARM.attributes
                0x000002e7       0x34 C:/ST/STM32CubeCLT_1.16.0/GNU-tools-for-STM32/bin/../lib/gcc/arm-none-eabi/12.3.1/../../../../arm-none-eabi/lib/thumb/v7e-m+fp/hard\libstdc++_nano.a(atexit_arm.o)
 .ARM.attributes
                0x0000031b       0x34 C:/ST/STM32CubeCLT_1.16.0/GNU-tools-for-STM32/bin/../lib/gcc/arm-none-eabi/12.3.1/../../../../arm-none-eabi/lib/thumb/v7e-m+fp/hard\libstdc++_nano.a(del_ops.o)
 .ARM.attributes
                0x0000034f       0x34 C:/ST/STM32CubeCLT_1.16.0/GNU-tools-for-STM32/bin/../lib/gcc/arm-none-eabi/12.3.1/../../../../arm-none-eabi/lib/thumb/v7e-m+fp/hard\libstdc++_nano.a(new_op.o)
 .ARM.attributes
                0x00000383       0x34 C:/ST/STM32CubeCLT_1.16.0/GNU-tools-for-STM32/bin/../lib/gcc/arm-none-eabi/12.3.1/../../../../arm-none-eabi/lib/thumb/v7e-m+fp/hard\libstdc++_nano.a(allocator-inst.o)
 .ARM.attributes
                0x000003b7       0x34 C:/ST/STM32CubeCLT_1.16.0/GNU-tools-for-STM32/bin/../lib/gcc/arm-none-eabi/12.3.1/../../../../arm-none-eabi/lib/thumb/v7e-m+fp/hard\libstdc++_nano.a(functexcept.o)
 .ARM.attributes
                0x000003eb       0x34 C:/ST/STM32CubeCLT_1.16.0/GNU-tools-for-STM32/bin/../lib/gcc/arm-none-eabi/12.3.1/../../../../arm-none-eabi/lib/thumb/v7e-m+fp/hard\libstdc++_nano.a(del_op.o)
 .ARM.attributes
                0x0000041f       0x34 C:/ST/STM32CubeCLT_1.16.0/GNU-tools-for-STM32/bin/../lib/gcc/arm-none-eabi/12.3.1/../../../../arm-none-eabi/lib/thumb/v7e-m+fp/hard\libstdc++_nano.a(new_handler.o)
 .ARM.attributes
                0x00000453       0x34 C:/ST/STM32CubeCLT_1.16.0/GNU-tools-for-STM32/bin/../lib/gcc/arm-none-eabi/12.3.1/../../../../arm-none-eabi/lib/thumb/v7e-m+fp/hard\libc_nano.a(libc_a-abort.o)
 .ARM.attributes
                0x00000487       0x34 C:/ST/STM32CubeCLT_1.16.0/GNU-tools-for-STM32/bin/../lib/gcc/arm-none-eabi/12.3.1/../../../../arm-none-eabi/lib/thumb/v7e-m+fp/hard\libc_nano.a(libc_a-malloc.o)
 .ARM.attributes
                0x000004bb       0x34 C:/ST/STM32CubeCLT_1.16.0/GNU-tools-for-STM32/bin/../lib/gcc/arm-none-eabi/12.3.1/../../../../arm-none-eabi/lib/thumb/v7e-m+fp/hard\libc_nano.a(libc_a-mallocr.o)
 .ARM.attributes
                0x000004ef       0x34 C:/ST/STM32CubeCLT_1.16.0/GNU-tools-for-STM32/bin/../lib/gcc/arm-none-eabi/12.3.1/../../../../arm-none-eabi/lib/thumb/v7e-m+fp/hard\libc_nano.a(libc_a-mlock.o)
 .ARM.attributes
                0x00000523       0x34 C:/ST/STM32CubeCLT_1.16.0/GNU-tools-for-STM32/bin/../lib/gcc/arm-none-eabi/12.3.1/../../../../arm-none-eabi/lib/thumb/v7e-m+fp/hard\libc_nano.a(libc_a-cxa_atexit.o)
 .ARM.attributes
                0x00000557       0x34 C:/ST/STM32CubeCLT_1.16.0/GNU-tools-for-STM32/bin/../lib/gcc/arm-none-eabi/12.3.1/../../../../arm-none-eabi/lib/thumb/v7e-m+fp/hard\libc_nano.a(libc_a-findfp.o)
 .ARM.attributes
                0x0000058b       0x34 C:/ST/STM32CubeCLT_1.16.0/GNU-tools-for-STM32/bin/../lib/gcc/arm-none-eabi/12.3.1/../../../../arm-none-eabi/lib/thumb/v7e-m+fp/hard\libc_nano.a(libc_a-memmove.o)
 .ARM.attributes
                0x000005bf       0x34 C:/ST/STM32CubeCLT_1.16.0/GNU-tools-for-STM32/bin/../lib/gcc/arm-none-eabi/12.3.1/../../../../arm-none-eabi/lib/thumb/v7e-m+fp/hard\libc_nano.a(libc_a-memset.o)
 .ARM.attributes
                0x000005f3       0x34 C:/ST/STM32CubeCLT_1.16.0/GNU-tools-for-STM32/bin/../lib/gcc/arm-none-eabi/12.3.1/../../../../arm-none-eabi/lib/thumb/v7e-m+fp/hard\libc_nano.a(libc_a-signal.o)
 .ARM.attributes
                0x00000627       0x34 C:/ST/STM32CubeCLT_1.16.0/GNU-tools-for-STM32/bin/../lib/gcc/arm-none-eabi/12.3.1/../../../../arm-none-eabi/lib/thumb/v7e-m+fp/hard\libc_nano.a(libc_a-reent.o)
 .ARM.attributes
                0x0000065b       0x34 C:/ST/STM32CubeCLT_1.16.0/GNU-tools-for-STM32/bin/../lib/gcc/arm-none-eabi/12.3.1/../../../../arm-none-eabi/lib/thumb/v7e-m+fp/hard\libc_nano.a(libc_a-impure.o)
 .ARM.attributes
                0x0000068f       0x34 C:/ST/STM32CubeCLT_1.16.0/GNU-tools-for-STM32/bin/../lib/gcc/arm-none-eabi/12.3.1/../../../../arm-none-eabi/lib/thumb/v7e-m+fp/hard\libc_nano.a(libc_a-signalr.o)
 .ARM.attributes
                0x000006c3       0x34 C:/ST/STM32CubeCLT_1.16.0/GNU-tools-for-STM32/bin/../lib/gcc/arm-none-eabi/12.3.1/../../../../arm-none-eabi/lib/thumb/v7e-m+fp/hard\libc_nano.a(libc_a-sbrkr.o)
 .ARM.attributes
                0x000006f7       0x34 C:/ST/STM32CubeCLT_1.16.0/GNU-tools-for-STM32/bin/../lib/gcc/arm-none-eabi/12.3.1/../../../../arm-none-eabi/lib/thumb/v7e-m+fp/hard\libc_nano.a(libc_a-errno.o)
 .ARM.attributes
                0x0000072b       0x34 C:/ST/STM32CubeCLT_1.16.0/GNU-tools-for-STM32/bin/../lib/gcc/arm-none-eabi/12.3.1/../../../../arm-none-eabi/lib/thumb/v7e-m+fp/hard\libc_nano.a(libc_a-init.o)
 .ARM.attributes
                0x0000075f       0x34 C:/ST/STM32CubeCLT_1.16.0/GNU-tools-for-STM32/bin/../lib/gcc/arm-none-eabi/12.3.1/../../../../arm-none-eabi/lib/thumb/v7e-m+fp/hard\libc_nano.a(libc_a-lock.o)
 .ARM.attributes
                0x00000793       0x34 C:/ST/STM32CubeCLT_1.16.0/GNU-tools-for-STM32/bin/../lib/gcc/arm-none-eabi/12.3.1/../../../../arm-none-eabi/lib/thumb/v7e-m+fp/hard\libc_nano.a(libc_a-freer.o)
 .ARM.attributes
                0x000007c7       0x22 C:/ST/STM32CubeCLT_1.16.0/GNU-tools-for-STM32/bin/../lib/gcc/arm-none-eabi/12.3.1/thumb/v7e-m+fp/hard\libgcc.a(_aeabi_uldivmod.o)
 .ARM.attributes
                0x000007e9       0x34 C:/ST/STM32CubeCLT_1.16.0/GNU-tools-for-STM32/bin/../lib/gcc/arm-none-eabi/12.3.1/thumb/v7e-m+fp/hard\libgcc.a(_udivmoddi4.o)
 .ARM.attributes
                0x0000081d       0x22 C:/ST/STM32CubeCLT_1.16.0/GNU-tools-for-STM32/bin/../lib/gcc/arm-none-eabi/12.3.1/thumb/v7e-m+fp/hard\libgcc.a(_dvmd_tls.o)
 .ARM.attributes
                0x0000083f       0x22 C:/ST/STM32CubeCLT_1.16.0/GNU-tools-for-STM32/bin/../lib/gcc/arm-none-eabi/12.3.1/thumb/v7e-m+fp/hard/crtn.o
OUTPUT(UART_echo.elf elf32-littlearm)
LOAD linker stubs
LOAD C:/ST/STM32CubeCLT_1.16.0/GNU-tools-for-STM32/bin/../lib/gcc/arm-none-eabi/12.3.1/../../../../arm-none-eabi/lib/thumb/v7e-m+fp/hard\libc.a
LOAD C:/ST/STM32CubeCLT_1.16.0/GNU-tools-for-STM32/bin/../lib/gcc/arm-none-eabi/12.3.1/../../../../arm-none-eabi/lib/thumb/v7e-m+fp/hard\libm.a
LOAD C:/ST/STM32CubeCLT_1.16.0/GNU-tools-for-STM32/bin/../lib/gcc/arm-none-eabi/12.3.1/thumb/v7e-m+fp/hard\libgcc.a

.debug_info     0x00000000     0xc907
 .debug_info    0x00000000     0x4a45 CMakeFiles/UART_echo.dir/Core/Src/main.cpp.obj
 .debug_info    0x00004a45      0x65f CMakeFiles/UART_echo.dir/Core/Src/stm32f4xx_it.c.obj
 .debug_info    0x000050a4      0xba6 CMakeFiles/UART_echo.dir/Core/Src/stm32f4xx_hal_msp.c.obj
 .debug_info    0x00005c4a     0x2f4f CMakeFiles/UART_echo.dir/Drivers/STM32F4xx_HAL_Driver/Src/stm32f4xx_hal_uart.c.obj
 .debug_info    0x00008b99      0x8c7 CMakeFiles/UART_echo.dir/Drivers/STM32F4xx_HAL_Driver/Src/stm32f4xx_hal_rcc.c.obj
 .debug_info    0x00009460      0x6db CMakeFiles/UART_echo.dir/Drivers/STM32F4xx_HAL_Driver/Src/stm32f4xx_hal_gpio.c.obj
 .debug_info    0x00009b3b      0x8e7 CMakeFiles/UART_echo.dir/Drivers/STM32F4xx_HAL_Driver/Src/stm32f4xx_hal_dma.c.obj
 .debug_info    0x0000a422      0xdc2 CMakeFiles/UART_echo.dir/Drivers/STM32F4xx_HAL_Driver/Src/stm32f4xx_hal_cortex.c.obj
 .debug_info    0x0000b1e4      0x9ba CMakeFiles/UART_echo.dir/Drivers/STM32F4xx_HAL_Driver/Src/stm32f4xx_hal.c.obj
 .debug_info    0x0000bb9e      0x52e CMakeFiles/UART_echo.dir/Core/Src/system_stm32f4xx.c.obj
 .debug_info    0x0000c0cc      0x168 CMakeFiles/UART_echo.dir/Core/Src/sysmem.c.obj
 .debug_info    0x0000c234      0x6a3 CMakeFiles/UART_echo.dir/Core/Src/syscalls.c.obj
 .debug_info    0x0000c8d7       0x30 CMakeFiles/UART_echo.dir/startup_stm32f429xx.s.obj

.debug_abbrev   0x00000000     0x1fcc
 .debug_abbrev  0x00000000      0x98c CMakeFiles/UART_echo.dir/Core/Src/main.cpp.obj
 .debug_abbrev  0x0000098c      0x196 CMakeFiles/UART_echo.dir/Core/Src/stm32f4xx_it.c.obj
 .debug_abbrev  0x00000b22      0x1cc CMakeFiles/UART_echo.dir/Core/Src/stm32f4xx_hal_msp.c.obj
 .debug_abbrev  0x00000cee      0x30e CMakeFiles/UART_echo.dir/Drivers/STM32F4xx_HAL_Driver/Src/stm32f4xx_hal_uart.c.obj
 .debug_abbrev  0x00000ffc      0x2b7 CMakeFiles/UART_echo.dir/Drivers/STM32F4xx_HAL_Driver/Src/stm32f4xx_hal_rcc.c.obj
 .debug_abbrev  0x000012b3      0x1d4 CMakeFiles/UART_echo.dir/Drivers/STM32F4xx_HAL_Driver/Src/stm32f4xx_hal_gpio.c.obj
 .debug_abbrev  0x00001487      0x264 CMakeFiles/UART_echo.dir/Drivers/STM32F4xx_HAL_Driver/Src/stm32f4xx_hal_dma.c.obj
 .debug_abbrev  0x000016eb      0x31d CMakeFiles/UART_echo.dir/Drivers/STM32F4xx_HAL_Driver/Src/stm32f4xx_hal_cortex.c.obj
 .debug_abbrev  0x00001a08      0x214 CMakeFiles/UART_echo.dir/Drivers/STM32F4xx_HAL_Driver/Src/stm32f4xx_hal.c.obj
 .debug_abbrev  0x00001c1c      0x11a CMakeFiles/UART_echo.dir/Core/Src/system_stm32f4xx.c.obj
 .debug_abbrev  0x00001d36       0xbc CMakeFiles/UART_echo.dir/Core/Src/sysmem.c.obj
 .debug_abbrev  0x00001df2      0x1b6 CMakeFiles/UART_echo.dir/Core/Src/syscalls.c.obj
 .debug_abbrev  0x00001fa8       0x24 CMakeFiles/UART_echo.dir/startup_stm32f429xx.s.obj

.debug_aranges  0x00000000      0xa48
 .debug_aranges
                0x00000000      0x2f0 CMakeFiles/UART_echo.dir/Core/Src/main.cpp.obj
 .debug_aranges
                0x000002f0       0x68 CMakeFiles/UART_echo.dir/Core/Src/stm32f4xx_it.c.obj
 .debug_aranges
                0x00000358       0x30 CMakeFiles/UART_echo.dir/Core/Src/stm32f4xx_hal_msp.c.obj
 .debug_aranges
                0x00000388      0x208 CMakeFiles/UART_echo.dir/Drivers/STM32F4xx_HAL_Driver/Src/stm32f4xx_hal_uart.c.obj
 .debug_aranges
                0x00000590       0x88 CMakeFiles/UART_echo.dir/Drivers/STM32F4xx_HAL_Driver/Src/stm32f4xx_hal_rcc.c.obj
 .debug_aranges
                0x00000618       0x58 CMakeFiles/UART_echo.dir/Drivers/STM32F4xx_HAL_Driver/Src/stm32f4xx_hal_gpio.c.obj
 .debug_aranges
                0x00000670       0x90 CMakeFiles/UART_echo.dir/Drivers/STM32F4xx_HAL_Driver/Src/stm32f4xx_hal_dma.c.obj
 .debug_aranges
                0x00000700      0x130 CMakeFiles/UART_echo.dir/Drivers/STM32F4xx_HAL_Driver/Src/stm32f4xx_hal_cortex.c.obj
 .debug_aranges
                0x00000830      0x100 CMakeFiles/UART_echo.dir/Drivers/STM32F4xx_HAL_Driver/Src/stm32f4xx_hal.c.obj
 .debug_aranges
                0x00000930       0x28 CMakeFiles/UART_echo.dir/Core/Src/system_stm32f4xx.c.obj
 .debug_aranges
                0x00000958       0x20 CMakeFiles/UART_echo.dir/Core/Src/sysmem.c.obj
 .debug_aranges
                0x00000978       0xa8 CMakeFiles/UART_echo.dir/Core/Src/syscalls.c.obj
 .debug_aranges
                0x00000a20       0x28 CMakeFiles/UART_echo.dir/startup_stm32f429xx.s.obj

.debug_rnglists
                0x00000000      0x7c8
 .debug_rnglists
                0x00000000      0x234 CMakeFiles/UART_echo.dir/Core/Src/main.cpp.obj
 .debug_rnglists
                0x00000234       0x49 CMakeFiles/UART_echo.dir/Core/Src/stm32f4xx_it.c.obj
 .debug_rnglists
                0x0000027d       0x20 CMakeFiles/UART_echo.dir/Core/Src/stm32f4xx_hal_msp.c.obj
 .debug_rnglists
                0x0000029d      0x1bc CMakeFiles/UART_echo.dir/Drivers/STM32F4xx_HAL_Driver/Src/stm32f4xx_hal_uart.c.obj
 .debug_rnglists
                0x00000459       0x66 CMakeFiles/UART_echo.dir/Drivers/STM32F4xx_HAL_Driver/Src/stm32f4xx_hal_rcc.c.obj
 .debug_rnglists
                0x000004bf       0x3f CMakeFiles/UART_echo.dir/Drivers/STM32F4xx_HAL_Driver/Src/stm32f4xx_hal_gpio.c.obj
 .debug_rnglists
                0x000004fe       0x70 CMakeFiles/UART_echo.dir/Drivers/STM32F4xx_HAL_Driver/Src/stm32f4xx_hal_dma.c.obj
 .debug_rnglists
                0x0000056e       0xe0 CMakeFiles/UART_echo.dir/Drivers/STM32F4xx_HAL_Driver/Src/stm32f4xx_hal_cortex.c.obj
 .debug_rnglists
                0x0000064e       0xbb CMakeFiles/UART_echo.dir/Drivers/STM32F4xx_HAL_Driver/Src/stm32f4xx_hal.c.obj
 .debug_rnglists
                0x00000709       0x1a CMakeFiles/UART_echo.dir/Core/Src/system_stm32f4xx.c.obj
 .debug_rnglists
                0x00000723       0x13 CMakeFiles/UART_echo.dir/Core/Src/sysmem.c.obj
 .debug_rnglists
                0x00000736       0x79 CMakeFiles/UART_echo.dir/Core/Src/syscalls.c.obj
 .debug_rnglists
                0x000007af       0x19 CMakeFiles/UART_echo.dir/startup_stm32f429xx.s.obj

.debug_macro    0x00000000    0x26758
 .debug_macro   0x00000000      0x4f4 CMakeFiles/UART_echo.dir/Core/Src/main.cpp.obj
 .debug_macro   0x000004f4      0xbf2 CMakeFiles/UART_echo.dir/Core/Src/main.cpp.obj
 .debug_macro   0x000010e6      0x295 CMakeFiles/UART_echo.dir/Core/Src/main.cpp.obj
 .debug_macro   0x0000137b       0x2e CMakeFiles/UART_echo.dir/Core/Src/main.cpp.obj
 .debug_macro   0x000013a9       0x28 CMakeFiles/UART_echo.dir/Core/Src/main.cpp.obj
 .debug_macro   0x000013d1       0x1c CMakeFiles/UART_echo.dir/Core/Src/main.cpp.obj
 .debug_macro   0x000013ed       0x22 CMakeFiles/UART_echo.dir/Core/Src/main.cpp.obj
 .debug_macro   0x0000140f       0x8e CMakeFiles/UART_echo.dir/Core/Src/main.cpp.obj
 .debug_macro   0x0000149d       0x51 CMakeFiles/UART_echo.dir/Core/Src/main.cpp.obj
 .debug_macro   0x000014ee      0x103 CMakeFiles/UART_echo.dir/Core/Src/main.cpp.obj
 .debug_macro   0x000015f1       0x6a CMakeFiles/UART_echo.dir/Core/Src/main.cpp.obj
 .debug_macro   0x0000165b      0x1df CMakeFiles/UART_echo.dir/Core/Src/main.cpp.obj
 .debug_macro   0x0000183a       0x1c CMakeFiles/UART_echo.dir/Core/Src/main.cpp.obj
 .debug_macro   0x00001856       0x22 CMakeFiles/UART_echo.dir/Core/Src/main.cpp.obj
 .debug_macro   0x00001878       0xfb CMakeFiles/UART_echo.dir/Core/Src/main.cpp.obj
 .debug_macro   0x00001973     0x1011 CMakeFiles/UART_echo.dir/Core/Src/main.cpp.obj
 .debug_macro   0x00002984      0x11f CMakeFiles/UART_echo.dir/Core/Src/main.cpp.obj
 .debug_macro   0x00002aa3    0x17fd8 CMakeFiles/UART_echo.dir/Core/Src/main.cpp.obj
 .debug_macro   0x0001aa7b       0x6d CMakeFiles/UART_echo.dir/Core/Src/main.cpp.obj
 .debug_macro   0x0001aae8     0x3711 CMakeFiles/UART_echo.dir/Core/Src/main.cpp.obj
 .debug_macro   0x0001e1f9      0x190 CMakeFiles/UART_echo.dir/Core/Src/main.cpp.obj
 .debug_macro   0x0001e389       0x5c CMakeFiles/UART_echo.dir/Core/Src/main.cpp.obj
 .debug_macro   0x0001e3e5      0xcba CMakeFiles/UART_echo.dir/Core/Src/main.cpp.obj
 .debug_macro   0x0001f09f      0x9e9 CMakeFiles/UART_echo.dir/Core/Src/main.cpp.obj
 .debug_macro   0x0001fa88      0x115 CMakeFiles/UART_echo.dir/Core/Src/main.cpp.obj
 .debug_macro   0x0001fb9d      0x156 CMakeFiles/UART_echo.dir/Core/Src/main.cpp.obj
 .debug_macro   0x0001fcf3       0xa5 CMakeFiles/UART_echo.dir/Core/Src/main.cpp.obj
 .debug_macro   0x0001fd98      0x182 CMakeFiles/UART_echo.dir/Core/Src/main.cpp.obj
 .debug_macro   0x0001ff1a      0x287 CMakeFiles/UART_echo.dir/Core/Src/main.cpp.obj
 .debug_macro   0x000201a1       0x5f CMakeFiles/UART_echo.dir/Core/Src/main.cpp.obj
 .debug_macro   0x00020200      0x236 CMakeFiles/UART_echo.dir/Core/Src/main.cpp.obj
 .debug_macro   0x00020436      0x132 CMakeFiles/UART_echo.dir/Core/Src/main.cpp.obj
 .debug_macro   0x00020568      0x41d CMakeFiles/UART_echo.dir/Core/Src/main.cpp.obj
 .debug_macro   0x00020985       0x2e CMakeFiles/UART_echo.dir/Core/Src/main.cpp.obj
 .debug_macro   0x000209b3      0x127 CMakeFiles/UART_echo.dir/Core/Src/main.cpp.obj
 .debug_macro   0x00020ada       0xe2 CMakeFiles/UART_echo.dir/Core/Src/main.cpp.obj
 .debug_macro   0x00020bbc       0x89 CMakeFiles/UART_echo.dir/Core/Src/main.cpp.obj
 .debug_macro   0x00020c45      0x2aa CMakeFiles/UART_echo.dir/Core/Src/main.cpp.obj
 .debug_macro   0x00020eef      0x134 CMakeFiles/UART_echo.dir/Core/Src/main.cpp.obj
 .debug_macro   0x00021023      0x130 CMakeFiles/UART_echo.dir/Core/Src/main.cpp.obj
 .debug_macro   0x00021153       0x74 CMakeFiles/UART_echo.dir/Core/Src/main.cpp.obj
 .debug_macro   0x000211c7       0x2a CMakeFiles/UART_echo.dir/Core/Src/main.cpp.obj
 .debug_macro   0x000211f1       0x3c CMakeFiles/UART_echo.dir/Core/Src/main.cpp.obj
 .debug_macro   0x0002122d       0x34 CMakeFiles/UART_echo.dir/Core/Src/main.cpp.obj
 .debug_macro   0x00021261       0x16 CMakeFiles/UART_echo.dir/Core/Src/main.cpp.obj
 .debug_macro   0x00021277       0x35 CMakeFiles/UART_echo.dir/Core/Src/main.cpp.obj
 .debug_macro   0x000212ac      0x38c CMakeFiles/UART_echo.dir/Core/Src/main.cpp.obj
 .debug_macro   0x00021638       0x10 CMakeFiles/UART_echo.dir/Core/Src/main.cpp.obj
 .debug_macro   0x00021648       0x16 CMakeFiles/UART_echo.dir/Core/Src/main.cpp.obj
 .debug_macro   0x0002165e       0x43 CMakeFiles/UART_echo.dir/Core/Src/main.cpp.obj
 .debug_macro   0x000216a1       0x34 CMakeFiles/UART_echo.dir/Core/Src/main.cpp.obj
 .debug_macro   0x000216d5       0x10 CMakeFiles/UART_echo.dir/Core/Src/main.cpp.obj
 .debug_macro   0x000216e5       0x58 CMakeFiles/UART_echo.dir/Core/Src/main.cpp.obj
 .debug_macro   0x0002173d      0x1de CMakeFiles/UART_echo.dir/Core/Src/main.cpp.obj
 .debug_macro   0x0002191b       0x16 CMakeFiles/UART_echo.dir/Core/Src/main.cpp.obj
 .debug_macro   0x00021931       0x16 CMakeFiles/UART_echo.dir/Core/Src/main.cpp.obj
 .debug_macro   0x00021947      0x138 CMakeFiles/UART_echo.dir/Core/Src/main.cpp.obj
 .debug_macro   0x00021a7f       0x16 CMakeFiles/UART_echo.dir/Core/Src/main.cpp.obj
 .debug_macro   0x00021a95       0x20 CMakeFiles/UART_echo.dir/Core/Src/main.cpp.obj
 .debug_macro   0x00021ab5      0x1d6 CMakeFiles/UART_echo.dir/Core/Src/main.cpp.obj
 .debug_macro   0x00021c8b       0x10 CMakeFiles/UART_echo.dir/Core/Src/main.cpp.obj
 .debug_macro   0x00021c9b       0xc1 CMakeFiles/UART_echo.dir/Core/Src/main.cpp.obj
 .debug_macro   0x00021d5c      0x103 CMakeFiles/UART_echo.dir/Core/Src/main.cpp.obj
 .debug_macro   0x00021e5f      0x37d CMakeFiles/UART_echo.dir/Core/Src/main.cpp.obj
 .debug_macro   0x000221dc       0x1c CMakeFiles/UART_echo.dir/Core/Src/main.cpp.obj
 .debug_macro   0x000221f8       0x18 CMakeFiles/UART_echo.dir/Core/Src/main.cpp.obj
 .debug_macro   0x00022210       0x4f CMakeFiles/UART_echo.dir/Core/Src/main.cpp.obj
 .debug_macro   0x0002225f       0x6a CMakeFiles/UART_echo.dir/Core/Src/main.cpp.obj
 .debug_macro   0x000222c9       0x26 CMakeFiles/UART_echo.dir/Core/Src/main.cpp.obj
 .debug_macro   0x000222ef       0x18 CMakeFiles/UART_echo.dir/Core/Src/main.cpp.obj
 .debug_macro   0x00022307       0x19 CMakeFiles/UART_echo.dir/Core/Src/main.cpp.obj
 .debug_macro   0x00022320       0x28 CMakeFiles/UART_echo.dir/Core/Src/main.cpp.obj
 .debug_macro   0x00022348       0x2e CMakeFiles/UART_echo.dir/Core/Src/main.cpp.obj
 .debug_macro   0x00022376       0x1f CMakeFiles/UART_echo.dir/Core/Src/main.cpp.obj
 .debug_macro   0x00022395       0x88 CMakeFiles/UART_echo.dir/Core/Src/main.cpp.obj
 .debug_macro   0x0002241d       0x19 CMakeFiles/UART_echo.dir/Core/Src/main.cpp.obj
 .debug_macro   0x00022436       0x12 CMakeFiles/UART_echo.dir/Core/Src/main.cpp.obj
 .debug_macro   0x00022448       0x2c CMakeFiles/UART_echo.dir/Core/Src/main.cpp.obj
 .debug_macro   0x00022474       0x11 CMakeFiles/UART_echo.dir/Core/Src/main.cpp.obj
 .debug_macro   0x00022485       0x10 CMakeFiles/UART_echo.dir/Core/Src/main.cpp.obj
 .debug_macro   0x00022495       0x18 CMakeFiles/UART_echo.dir/Core/Src/main.cpp.obj
 .debug_macro   0x000224ad       0x11 CMakeFiles/UART_echo.dir/Core/Src/main.cpp.obj
 .debug_macro   0x000224be       0x11 CMakeFiles/UART_echo.dir/Core/Src/main.cpp.obj
 .debug_macro   0x000224cf       0x1c CMakeFiles/UART_echo.dir/Core/Src/main.cpp.obj
 .debug_macro   0x000224eb       0x11 CMakeFiles/UART_echo.dir/Core/Src/main.cpp.obj
 .debug_macro   0x000224fc       0x2d CMakeFiles/UART_echo.dir/Core/Src/main.cpp.obj
 .debug_macro   0x00022529       0x11 CMakeFiles/UART_echo.dir/Core/Src/main.cpp.obj
 .debug_macro   0x0002253a       0x26 CMakeFiles/UART_echo.dir/Core/Src/main.cpp.obj
 .debug_macro   0x00022560      0x1d3 CMakeFiles/UART_echo.dir/Core/Src/stm32f4xx_it.c.obj
 .debug_macro   0x00022733      0xab4 CMakeFiles/UART_echo.dir/Core/Src/stm32f4xx_it.c.obj
 .debug_macro   0x000231e7     0x1011 CMakeFiles/UART_echo.dir/Core/Src/stm32f4xx_it.c.obj
 .debug_macro   0x000241f8      0x189 CMakeFiles/UART_echo.dir/Core/Src/stm32f4xx_it.c.obj
 .debug_macro   0x00024381      0x1c9 CMakeFiles/UART_echo.dir/Core/Src/stm32f4xx_hal_msp.c.obj
 .debug_macro   0x0002454a      0x1bb CMakeFiles/UART_echo.dir/Drivers/STM32F4xx_HAL_Driver/Src/stm32f4xx_hal_uart.c.obj
 .debug_macro   0x00024705      0x1de CMakeFiles/UART_echo.dir/Drivers/STM32F4xx_HAL_Driver/Src/stm32f4xx_hal_rcc.c.obj
 .debug_macro   0x000248e3      0x1c0 CMakeFiles/UART_echo.dir/Drivers/STM32F4xx_HAL_Driver/Src/stm32f4xx_hal_gpio.c.obj
 .debug_macro   0x00024aa3      0x1c0 CMakeFiles/UART_echo.dir/Drivers/STM32F4xx_HAL_Driver/Src/stm32f4xx_hal_dma.c.obj
 .debug_macro   0x00024c63      0x1ba CMakeFiles/UART_echo.dir/Drivers/STM32F4xx_HAL_Driver/Src/stm32f4xx_hal_cortex.c.obj
 .debug_macro   0x00024e1d      0x21a CMakeFiles/UART_echo.dir/Drivers/STM32F4xx_HAL_Driver/Src/stm32f4xx_hal.c.obj
 .debug_macro   0x00025037      0x1ba CMakeFiles/UART_echo.dir/Core/Src/system_stm32f4xx.c.obj
 .debug_macro   0x000251f1       0xec CMakeFiles/UART_echo.dir/Core/Src/sysmem.c.obj
 .debug_macro   0x000252dd       0x10 CMakeFiles/UART_echo.dir/Core/Src/sysmem.c.obj
 .debug_macro   0x000252ed       0x6e CMakeFiles/UART_echo.dir/Core/Src/sysmem.c.obj
 .debug_macro   0x0002535b       0x94 CMakeFiles/UART_echo.dir/Core/Src/sysmem.c.obj
 .debug_macro   0x000253ef       0x34 CMakeFiles/UART_echo.dir/Core/Src/sysmem.c.obj
 .debug_macro   0x00025423       0x43 CMakeFiles/UART_echo.dir/Core/Src/sysmem.c.obj
 .debug_macro   0x00025466       0x57 CMakeFiles/UART_echo.dir/Core/Src/sysmem.c.obj
 .debug_macro   0x000254bd      0x23c CMakeFiles/UART_echo.dir/Core/Src/sysmem.c.obj
 .debug_macro   0x000256f9      0x265 CMakeFiles/UART_echo.dir/Core/Src/syscalls.c.obj
 .debug_macro   0x0002595e      0x369 CMakeFiles/UART_echo.dir/Core/Src/syscalls.c.obj
 .debug_macro   0x00025cc7       0x10 CMakeFiles/UART_echo.dir/Core/Src/syscalls.c.obj
 .debug_macro   0x00025cd7       0x35 CMakeFiles/UART_echo.dir/Core/Src/syscalls.c.obj
 .debug_macro   0x00025d0c       0x10 CMakeFiles/UART_echo.dir/Core/Src/syscalls.c.obj
 .debug_macro   0x00025d1c       0x10 CMakeFiles/UART_echo.dir/Core/Src/syscalls.c.obj
 .debug_macro   0x00025d2c       0x10 CMakeFiles/UART_echo.dir/Core/Src/syscalls.c.obj
 .debug_macro   0x00025d3c       0x1c CMakeFiles/UART_echo.dir/Core/Src/syscalls.c.obj
 .debug_macro   0x00025d58       0x52 CMakeFiles/UART_echo.dir/Core/Src/syscalls.c.obj
 .debug_macro   0x00025daa       0x22 CMakeFiles/UART_echo.dir/Core/Src/syscalls.c.obj
 .debug_macro   0x00025dcc       0x10 CMakeFiles/UART_echo.dir/Core/Src/syscalls.c.obj
 .debug_macro   0x00025ddc       0x52 CMakeFiles/UART_echo.dir/Core/Src/syscalls.c.obj
 .debug_macro   0x00025e2e       0xcf CMakeFiles/UART_echo.dir/Core/Src/syscalls.c.obj
 .debug_macro   0x00025efd       0x1c CMakeFiles/UART_echo.dir/Core/Src/syscalls.c.obj
 .debug_macro   0x00025f19       0x3d CMakeFiles/UART_echo.dir/Core/Src/syscalls.c.obj
 .debug_macro   0x00025f56       0x35 CMakeFiles/UART_echo.dir/Core/Src/syscalls.c.obj
 .debug_macro   0x00025f8b      0x12c CMakeFiles/UART_echo.dir/Core/Src/syscalls.c.obj
 .debug_macro   0x000260b7       0x16 CMakeFiles/UART_echo.dir/Core/Src/syscalls.c.obj
 .debug_macro   0x000260cd       0x16 CMakeFiles/UART_echo.dir/Core/Src/syscalls.c.obj
 .debug_macro   0x000260e3       0x29 CMakeFiles/UART_echo.dir/Core/Src/syscalls.c.obj
 .debug_macro   0x0002610c      0x242 CMakeFiles/UART_echo.dir/Core/Src/syscalls.c.obj
 .debug_macro   0x0002634e       0x1c CMakeFiles/UART_echo.dir/Core/Src/syscalls.c.obj
 .debug_macro   0x0002636a       0x10 CMakeFiles/UART_echo.dir/Core/Src/syscalls.c.obj
 .debug_macro   0x0002637a      0x170 CMakeFiles/UART_echo.dir/Core/Src/syscalls.c.obj
 .debug_macro   0x000264ea      0x18a CMakeFiles/UART_echo.dir/Core/Src/syscalls.c.obj
 .debug_macro   0x00026674       0x16 CMakeFiles/UART_echo.dir/Core/Src/syscalls.c.obj
 .debug_macro   0x0002668a       0xce CMakeFiles/UART_echo.dir/Core/Src/syscalls.c.obj

.debug_line     0x00000000     0xa7e1
 .debug_line    0x00000000     0x1c78 CMakeFiles/UART_echo.dir/Core/Src/main.cpp.obj
 .debug_line    0x00001c78      0x81f CMakeFiles/UART_echo.dir/Core/Src/stm32f4xx_it.c.obj
 .debug_line    0x00002497      0x78e CMakeFiles/UART_echo.dir/Core/Src/stm32f4xx_hal_msp.c.obj
 .debug_line    0x00002c25     0x28fd CMakeFiles/UART_echo.dir/Drivers/STM32F4xx_HAL_Driver/Src/stm32f4xx_hal_uart.c.obj
 .debug_line    0x00005522      0xdb6 CMakeFiles/UART_echo.dir/Drivers/STM32F4xx_HAL_Driver/Src/stm32f4xx_hal_rcc.c.obj
 .debug_line    0x000062d8      0xbdf CMakeFiles/UART_echo.dir/Drivers/STM32F4xx_HAL_Driver/Src/stm32f4xx_hal_gpio.c.obj
 .debug_line    0x00006eb7      0xf9b CMakeFiles/UART_echo.dir/Drivers/STM32F4xx_HAL_Driver/Src/stm32f4xx_hal_dma.c.obj
 .debug_line    0x00007e52      0xd1d CMakeFiles/UART_echo.dir/Drivers/STM32F4xx_HAL_Driver/Src/stm32f4xx_hal_cortex.c.obj
 .debug_line    0x00008b6f      0xa61 CMakeFiles/UART_echo.dir/Drivers/STM32F4xx_HAL_Driver/Src/stm32f4xx_hal.c.obj
 .debug_line    0x000095d0      0x7c2 CMakeFiles/UART_echo.dir/Core/Src/system_stm32f4xx.c.obj
 .debug_line    0x00009d92      0x353 CMakeFiles/UART_echo.dir/Core/Src/sysmem.c.obj
 .debug_line    0x0000a0e5      0x682 CMakeFiles/UART_echo.dir/Core/Src/syscalls.c.obj
 .debug_line    0x0000a767       0x7a CMakeFiles/UART_echo.dir/startup_stm32f429xx.s.obj

.debug_str      0x00000000    0xdb9e8
 .debug_str     0x00000000    0xd74b8 CMakeFiles/UART_echo.dir/Core/Src/main.cpp.obj
                              0xd7a33 (size before relaxing)
 .debug_str     0x000d74b8      0x327 CMakeFiles/UART_echo.dir/Core/Src/stm32f4xx_it.c.obj
                              0xcc61a (size before relaxing)
 .debug_str     0x000d77df      0x621 CMakeFiles/UART_echo.dir/Core/Src/stm32f4xx_hal_msp.c.obj
                              0xccc8f (size before relaxing)
 .debug_str     0x000d7e00      0x6b7 CMakeFiles/UART_echo.dir/Drivers/STM32F4xx_HAL_Driver/Src/stm32f4xx_hal_uart.c.obj
                              0xcc7c9 (size before relaxing)
 .debug_str     0x000d84b7      0x2a1 CMakeFiles/UART_echo.dir/Drivers/STM32F4xx_HAL_Driver/Src/stm32f4xx_hal_rcc.c.obj
                              0xcc1fb (size before relaxing)
 .debug_str     0x000d8758      0x157 CMakeFiles/UART_echo.dir/Drivers/STM32F4xx_HAL_Driver/Src/stm32f4xx_hal_gpio.c.obj
                              0xcbf42 (size before relaxing)
 .debug_str     0x000d88af      0x318 CMakeFiles/UART_echo.dir/Drivers/STM32F4xx_HAL_Driver/Src/stm32f4xx_hal_dma.c.obj
                              0xcc1ce (size before relaxing)
 .debug_str     0x000d8bc7      0x434 CMakeFiles/UART_echo.dir/Drivers/STM32F4xx_HAL_Driver/Src/stm32f4xx_hal_cortex.c.obj
                              0xcc718 (size before relaxing)
 .debug_str     0x000d8ffb      0x5ea CMakeFiles/UART_echo.dir/Drivers/STM32F4xx_HAL_Driver/Src/stm32f4xx_hal.c.obj
                              0xcc9ea (size before relaxing)
 .debug_str     0x000d95e5       0x80 CMakeFiles/UART_echo.dir/Core/Src/system_stm32f4xx.c.obj
                              0xcbdc7 (size before relaxing)
 .debug_str     0x000d9665      0x536 CMakeFiles/UART_echo.dir/Core/Src/sysmem.c.obj
                               0x5b22 (size before relaxing)
 .debug_str     0x000d9b9b     0x1de2 CMakeFiles/UART_echo.dir/Core/Src/syscalls.c.obj
                               0x93af (size before relaxing)
 .debug_str     0x000db97d       0x6b CMakeFiles/UART_echo.dir/startup_stm32f429xx.s.obj
                                 0xb0 (size before relaxing)

.comment        0x00000000       0x43
 .comment       0x00000000       0x43 CMakeFiles/UART_echo.dir/Core/Src/main.cpp.obj
                                 0x44 (size before relaxing)
 .comment       0x00000043       0x44 CMakeFiles/UART_echo.dir/Core/Src/stm32f4xx_it.c.obj
 .comment       0x00000043       0x44 CMakeFiles/UART_echo.dir/Core/Src/stm32f4xx_hal_msp.c.obj
 .comment       0x00000043       0x44 CMakeFiles/UART_echo.dir/Drivers/STM32F4xx_HAL_Driver/Src/stm32f4xx_hal_uart.c.obj
 .comment       0x00000043       0x44 CMakeFiles/UART_echo.dir/Drivers/STM32F4xx_HAL_Driver/Src/stm32f4xx_hal_rcc.c.obj
 .comment       0x00000043       0x44 CMakeFiles/UART_echo.dir/Drivers/STM32F4xx_HAL_Driver/Src/stm32f4xx_hal_gpio.c.obj
 .comment       0x00000043       0x44 CMakeFiles/UART_echo.dir/Drivers/STM32F4xx_HAL_Driver/Src/stm32f4xx_hal_dma.c.obj
 .comment       0x00000043       0x44 CMakeFiles/UART_echo.dir/Drivers/STM32F4xx_HAL_Driver/Src/stm32f4xx_hal_cortex.c.obj
 .comment       0x00000043       0x44 CMakeFiles/UART_echo.dir/Drivers/STM32F4xx_HAL_Driver/Src/stm32f4xx_hal.c.obj
 .comment       0x00000043       0x44 CMakeFiles/UART_echo.dir/Core/Src/system_stm32f4xx.c.obj
 .comment       0x00000043       0x44 CMakeFiles/UART_echo.dir/Core/Src/sysmem.c.obj
 .comment       0x00000043       0x44 CMakeFiles/UART_echo.dir/Core/Src/syscalls.c.obj

.debug_frame    0x00000000     0x31e8
 .debug_frame   0x00000000      0xd38 CMakeFiles/UART_echo.dir/Core/Src/main.cpp.obj
 .debug_frame   0x00000d38      0x120 CMakeFiles/UART_echo.dir/Core/Src/stm32f4xx_it.c.obj
 .debug_frame   0x00000e58       0x80 CMakeFiles/UART_echo.dir/Core/Src/stm32f4xx_hal_msp.c.obj
 .debug_frame   0x00000ed8      0x954 CMakeFiles/UART_echo.dir/Drivers/STM32F4xx_HAL_Driver/Src/stm32f4xx_hal_uart.c.obj
 .debug_frame   0x0000182c      0x1f4 CMakeFiles/UART_echo.dir/Drivers/STM32F4xx_HAL_Driver/Src/stm32f4xx_hal_rcc.c.obj
 .debug_frame   0x00001a20      0x14c CMakeFiles/UART_echo.dir/Drivers/STM32F4xx_HAL_Driver/Src/stm32f4xx_hal_gpio.c.obj